Component: ARM Compiler 5.06 update 6 (build 750) Tool: armlink [4d35ed]

==============================================================================

Section Cross References

    main.o(i.NVIC_Configuration) refers to misc.o(i.NVIC_PriorityGroupConfig) for NVIC_PriorityGroupConfig
    main.o(i.Telemetry_Send) refers to encoder.o(i.ENCODER_GetDelta) for ENCODER_GetDelta
    main.o(i.Telemetry_Send) refers to uart.o(i.UART_SendString) for UART_SendString
    main.o(i.Telemetry_Send) refers to uart.o(i.UART_SendChar) for UART_SendChar
    main.o(i.Telemetry_Send) refers to uart.o(i.UART_SendInt32) for UART_SendInt32
    main.o(i.Telemetry_Send) refers to encoder.o(i.ENCODER_GetTotal) for ENCODER_GetTotal
    main.o(i.Telemetry_Send) refers to servo.o(i.SERVO_GetAngle) for SERVO_GetAngle
    main.o(i.Telemetry_Send) refers to servo.o(i.SERVO_GetPulse) for SERVO_GetPulse
    main.o(i.Telemetry_Send) refers to motor.o(i.MOTOR_GetSpeed) for MOTOR_GetSpeed
    main.o(i.Track_Run) refers to delay.o(i.Delay_GetTick) for Delay_GetTick
    main.o(i.Track_Run) refers to track.o(i.TRACK_Read) for TRACK_Read
    main.o(i.Track_Run) refers to track.o(i.TRACK_FilterSample) for TRACK_FilterSample
    main.o(i.Track_Run) refers to motor.o(i.MOTOR_SetSpeeds) for MOTOR_SetSpeeds
    main.o(i.Track_Run) refers to main.o(i.Telemetry_Send) for Telemetry_Send
    main.o(i.Track_Run) refers to track.o(i.TRACK_SelectLikelyLine) for TRACK_SelectLikelyLine
    main.o(i.Track_Run) refers to track.o(i.TRACK_GetErrorFromRaw) for TRACK_GetErrorFromRaw
    main.o(i.Track_Run) refers to track.o(i.TRACK_GetCorrection) for TRACK_GetCorrection
    main.o(i.Track_Run) refers to servo.o(i.SERVO_SetAngle) for SERVO_SetAngle
    main.o(i.Track_Run) refers to delay.o(i.Delay_ms) for Delay_ms
    main.o(i.main) refers to main.o(i.NVIC_Configuration) for NVIC_Configuration
    main.o(i.main) refers to delay.o(i.SysTick_Init) for SysTick_Init
    main.o(i.main) refers to uart.o(i.UART_Init) for UART_Init
    main.o(i.main) refers to encoder.o(i.ENCODER_Init) for ENCODER_Init
    main.o(i.main) refers to motor.o(i.MOTOR_Init) for MOTOR_Init
    main.o(i.main) refers to servo.o(i.SERVO_Init) for SERVO_Init
    main.o(i.main) refers to track.o(i.TRACK_Init) for TRACK_Init
    main.o(i.main) refers to uart.o(i.UART_SendString) for UART_SendString
    main.o(i.main) refers to delay.o(i.Delay_ms) for Delay_ms
    main.o(i.main) refers to main.o(i.Track_Run) for Track_Run
    delay.o(i.Delay_GetTick) refers to delay.o(.data) for g_systick_ms
    delay.o(i.Delay_ms) refers to delay.o(.data) for g_systick_ms
    delay.o(i.SysTick_Handler) refers to delay.o(.data) for g_systick_ms
    delay.o(i.SysTick_Init) refers to delay.o(i.__NVIC_SetPriority) for __NVIC_SetPriority
    delay.o(i.SysTick_Init) refers to system_stm32f10x.o(.data) for SystemCoreClock
    servo.o(i.SERVO_GetAngle) refers to servo.o(.data) for g_servo_angle
    servo.o(i.SERVO_GetPulse) refers to servo.o(.data) for g_servo_pulse
    servo.o(i.SERVO_Init) refers to stm32f10x_rcc.o(i.RCC_APB2PeriphClockCmd) for RCC_APB2PeriphClockCmd
    servo.o(i.SERVO_Init) refers to stm32f10x_rcc.o(i.RCC_APB1PeriphClockCmd) for RCC_APB1PeriphClockCmd
    servo.o(i.SERVO_Init) refers to stm32f10x_gpio.o(i.GPIO_StructInit) for GPIO_StructInit
    servo.o(i.SERVO_Init) refers to stm32f10x_gpio.o(i.GPIO_Init) for GPIO_Init
    servo.o(i.SERVO_Init) refers to stm32f10x_tim.o(i.TIM_TimeBaseStructInit) for TIM_TimeBaseStructInit
    servo.o(i.SERVO_Init) refers to stm32f10x_tim.o(i.TIM_TimeBaseInit) for TIM_TimeBaseInit
    servo.o(i.SERVO_Init) refers to stm32f10x_tim.o(i.TIM_OCStructInit) for TIM_OCStructInit
    servo.o(i.SERVO_Init) refers to stm32f10x_tim.o(i.TIM_OC4Init) for TIM_OC4Init
    servo.o(i.SERVO_Init) refers to stm32f10x_tim.o(i.TIM_Cmd) for TIM_Cmd
    servo.o(i.SERVO_SetAngle) refers to stm32f10x_tim.o(i.TIM_SetCompare4) for TIM_SetCompare4
    servo.o(i.SERVO_SetAngle) refers to servo.o(.data) for g_servo_angle
    servo.o(i.SERVO_SetPulse) refers to stm32f10x_tim.o(i.TIM_SetCompare4) for TIM_SetCompare4
    servo.o(i.SERVO_SetPulse) refers to servo.o(.data) for g_servo_pulse
    track.o(i.TRACK_FilterSample) refers to track.o(.data) for initialized
    track.o(i.TRACK_GetError) refers to track.o(i.TRACK_Read) for TRACK_Read
    track.o(i.TRACK_GetError) refers to track.o(i.TRACK_GetErrorFromRaw) for TRACK_GetErrorFromRaw
    track.o(i.TRACK_GetErrorFromRaw) refers to track.o(.constdata) for TRACK_WEIGHT
    track.o(i.TRACK_Init) refers to stm32f10x_rcc.o(i.RCC_APB2PeriphClockCmd) for RCC_APB2PeriphClockCmd
    track.o(i.TRACK_Init) refers to stm32f10x_gpio.o(i.GPIO_StructInit) for GPIO_StructInit
    track.o(i.TRACK_Init) refers to stm32f10x_gpio.o(i.GPIO_Init) for GPIO_Init
    track.o(i.TRACK_Read) refers to stm32f10x_gpio.o(i.GPIO_ReadInputDataBit) for GPIO_ReadInputDataBit
    track.o(i.TRACK_SelectLikelyLine) refers to track.o(i.TRACK_GetErrorFromRaw) for TRACK_GetErrorFromRaw
    motor.o(i.MOTOR_Brake) refers to motor.o(i.TIM4_SetCompare) for TIM4_SetCompare
    motor.o(i.MOTOR_Brake) refers to motor.o(.data) for g_motors
    motor.o(i.MOTOR_GetSpeed) refers to motor.o(.data) for g_motors
    motor.o(i.MOTOR_Init) refers to motor.o(i.Motor_LoadConfig) for Motor_LoadConfig
    motor.o(i.MOTOR_Init) refers to motor.o(i.MX_GPIO_Init) for MX_GPIO_Init
    motor.o(i.MOTOR_Init) refers to motor.o(i.MX_TIM4_Init) for MX_TIM4_Init
    motor.o(i.MOTOR_SetSpeed) refers to motor.o(i.Motor_SetDirection) for Motor_SetDirection
    motor.o(i.MOTOR_SetSpeed) refers to motor.o(.data) for g_motors
    motor.o(i.MOTOR_SetSpeeds) refers to motor.o(i.MOTOR_SetSpeed) for MOTOR_SetSpeed
    motor.o(i.MOTOR_Stop) refers to motor.o(i.Motor_SetDirection) for Motor_SetDirection
    motor.o(i.MOTOR_Stop) refers to motor.o(.data) for g_motors
    motor.o(i.MX_GPIO_Init) refers to stm32f10x_rcc.o(i.RCC_APB2PeriphClockCmd) for RCC_APB2PeriphClockCmd
    motor.o(i.MX_GPIO_Init) refers to stm32f10x_gpio.o(i.GPIO_PinRemapConfig) for GPIO_PinRemapConfig
    motor.o(i.MX_GPIO_Init) refers to stm32f10x_gpio.o(i.GPIO_StructInit) for GPIO_StructInit
    motor.o(i.MX_GPIO_Init) refers to stm32f10x_gpio.o(i.GPIO_Init) for GPIO_Init
    motor.o(i.MX_TIM4_Init) refers to stm32f10x_rcc.o(i.RCC_APB1PeriphClockCmd) for RCC_APB1PeriphClockCmd
    motor.o(i.MX_TIM4_Init) refers to stm32f10x_tim.o(i.TIM_TimeBaseStructInit) for TIM_TimeBaseStructInit
    motor.o(i.MX_TIM4_Init) refers to stm32f10x_tim.o(i.TIM_TimeBaseInit) for TIM_TimeBaseInit
    motor.o(i.MX_TIM4_Init) refers to stm32f10x_tim.o(i.TIM_OCStructInit) for TIM_OCStructInit
    motor.o(i.MX_TIM4_Init) refers to stm32f10x_tim.o(i.TIM_OC1Init) for TIM_OC1Init
    motor.o(i.MX_TIM4_Init) refers to stm32f10x_tim.o(i.TIM_OC2Init) for TIM_OC2Init
    motor.o(i.MX_TIM4_Init) refers to stm32f10x_tim.o(i.TIM_OC3Init) for TIM_OC3Init
    motor.o(i.MX_TIM4_Init) refers to stm32f10x_tim.o(i.TIM_OC4Init) for TIM_OC4Init
    motor.o(i.MX_TIM4_Init) refers to stm32f10x_tim.o(i.TIM_ARRPreloadConfig) for TIM_ARRPreloadConfig
    motor.o(i.MX_TIM4_Init) refers to stm32f10x_tim.o(i.TIM_Cmd) for TIM_Cmd
    motor.o(i.Motor_LoadConfig) refers to motor.o(.data) for g_motors
    motor.o(i.Motor_SetDirection) refers to motor.o(i.SpeedToPulse) for SpeedToPulse
    motor.o(i.Motor_SetDirection) refers to motor.o(i.TIM4_SetCompare) for TIM4_SetCompare
    motor.o(i.Motor_SetDirection) refers to motor.o(.data) for g_motors
    motor.o(i.TIM4_SetCompare) refers to stm32f10x_tim.o(i.TIM_SetCompare1) for TIM_SetCompare1
    motor.o(i.TIM4_SetCompare) refers to stm32f10x_tim.o(i.TIM_SetCompare2) for TIM_SetCompare2
    motor.o(i.TIM4_SetCompare) refers to stm32f10x_tim.o(i.TIM_SetCompare3) for TIM_SetCompare3
    motor.o(i.TIM4_SetCompare) refers to stm32f10x_tim.o(i.TIM_SetCompare4) for TIM_SetCompare4
    uart.o(i.UART_Init) refers to stm32f10x_rcc.o(i.RCC_APB2PeriphClockCmd) for RCC_APB2PeriphClockCmd
    uart.o(i.UART_Init) refers to stm32f10x_gpio.o(i.GPIO_StructInit) for GPIO_StructInit
    uart.o(i.UART_Init) refers to stm32f10x_gpio.o(i.GPIO_Init) for GPIO_Init
    uart.o(i.UART_Init) refers to stm32f10x_usart.o(i.USART_StructInit) for USART_StructInit
    uart.o(i.UART_Init) refers to stm32f10x_usart.o(i.USART_Init) for USART_Init
    uart.o(i.UART_Init) refers to misc.o(i.NVIC_Init) for NVIC_Init
    uart.o(i.UART_Init) refers to stm32f10x_usart.o(i.USART_Cmd) for USART_Cmd
    uart.o(i.UART_SendChar) refers to stm32f10x_usart.o(i.USART_ITConfig) for USART_ITConfig
    uart.o(i.UART_SendChar) refers to uart.o(.data) for g_tx_head
    uart.o(i.UART_SendChar) refers to uart.o(.bss) for g_tx_buffer
    uart.o(i.UART_SendInt32) refers to uart.o(i.UART_SendChar) for UART_SendChar
    uart.o(i.UART_SendString) refers to uart.o(i.UART_SendChar) for UART_SendChar
    uart.o(i.USART1_IRQHandler) refers to stm32f10x_usart.o(i.USART_GetITStatus) for USART_GetITStatus
    uart.o(i.USART1_IRQHandler) refers to stm32f10x_usart.o(i.USART_SendData) for USART_SendData
    uart.o(i.USART1_IRQHandler) refers to stm32f10x_usart.o(i.USART_ITConfig) for USART_ITConfig
    uart.o(i.USART1_IRQHandler) refers to uart.o(.data) for g_tx_tail
    uart.o(i.USART1_IRQHandler) refers to uart.o(.bss) for g_tx_buffer
    encoder.o(i.ENCODER_GetDelta) refers to stm32f10x_tim.o(i.TIM_GetCounter) for TIM_GetCounter
    encoder.o(i.ENCODER_GetDelta) refers to encoder.o(.data) for g_left_total
    encoder.o(i.ENCODER_GetTotal) refers to encoder.o(.data) for g_left_total
    encoder.o(i.ENCODER_Init) refers to stm32f10x_rcc.o(i.RCC_APB2PeriphClockCmd) for RCC_APB2PeriphClockCmd
    encoder.o(i.ENCODER_Init) refers to stm32f10x_rcc.o(i.RCC_APB1PeriphClockCmd) for RCC_APB1PeriphClockCmd
    encoder.o(i.ENCODER_Init) refers to stm32f10x_gpio.o(i.GPIO_StructInit) for GPIO_StructInit
    encoder.o(i.ENCODER_Init) refers to stm32f10x_gpio.o(i.GPIO_Init) for GPIO_Init
    encoder.o(i.ENCODER_Init) refers to encoder.o(i.Encoder_ReadLeftState) for Encoder_ReadLeftState
    encoder.o(i.ENCODER_Init) refers to encoder.o(i.Encoder_RightTIM2_Init) for Encoder_RightTIM2_Init
    encoder.o(i.ENCODER_Init) refers to encoder.o(i.Encoder_LeftEXTI_Init) for Encoder_LeftEXTI_Init
    encoder.o(i.ENCODER_Init) refers to encoder.o(.data) for g_left_previous
    encoder.o(i.ENCODER_Reset) refers to encoder.o(i.Encoder_ReadLeftState) for Encoder_ReadLeftState
    encoder.o(i.ENCODER_Reset) refers to stm32f10x_tim.o(i.TIM_SetCounter) for TIM_SetCounter
    encoder.o(i.ENCODER_Reset) refers to encoder.o(.data) for g_left_total
    encoder.o(i.EXTI9_5_IRQHandler) refers to stm32f10x_exti.o(i.EXTI_ClearITPendingBit) for EXTI_ClearITPendingBit
    encoder.o(i.EXTI9_5_IRQHandler) refers to encoder.o(i.Encoder_ReadLeftState) for Encoder_ReadLeftState
    encoder.o(i.EXTI9_5_IRQHandler) refers to encoder.o(.data) for g_left_previous
    encoder.o(i.EXTI9_5_IRQHandler) refers to encoder.o(.constdata) for QUADRATURE_TABLE
    encoder.o(i.Encoder_LeftEXTI_Init) refers to stm32f10x_gpio.o(i.GPIO_EXTILineConfig) for GPIO_EXTILineConfig
    encoder.o(i.Encoder_LeftEXTI_Init) refers to stm32f10x_exti.o(i.EXTI_StructInit) for EXTI_StructInit
    encoder.o(i.Encoder_LeftEXTI_Init) refers to stm32f10x_exti.o(i.EXTI_Init) for EXTI_Init
    encoder.o(i.Encoder_LeftEXTI_Init) refers to misc.o(i.NVIC_Init) for NVIC_Init
    encoder.o(i.Encoder_ReadLeftState) refers to stm32f10x_gpio.o(i.GPIO_ReadInputDataBit) for GPIO_ReadInputDataBit
    encoder.o(i.Encoder_RightTIM2_Init) refers to stm32f10x_tim.o(i.TIM_TimeBaseStructInit) for TIM_TimeBaseStructInit
    encoder.o(i.Encoder_RightTIM2_Init) refers to stm32f10x_tim.o(i.TIM_TimeBaseInit) for TIM_TimeBaseInit
    encoder.o(i.Encoder_RightTIM2_Init) refers to stm32f10x_tim.o(i.TIM_EncoderInterfaceConfig) for TIM_EncoderInterfaceConfig
    encoder.o(i.Encoder_RightTIM2_Init) refers to stm32f10x_tim.o(i.TIM_ICStructInit) for TIM_ICStructInit
    encoder.o(i.Encoder_RightTIM2_Init) refers to stm32f10x_tim.o(i.TIM_ICInit) for TIM_ICInit
    encoder.o(i.Encoder_RightTIM2_Init) refers to stm32f10x_tim.o(i.TIM_SetCounter) for TIM_SetCounter
    encoder.o(i.Encoder_RightTIM2_Init) refers to stm32f10x_tim.o(i.TIM_Cmd) for TIM_Cmd
    stm32f10x_adc.o(i.ADC_DeInit) refers to stm32f10x_rcc.o(i.RCC_APB2PeriphResetCmd) for RCC_APB2PeriphResetCmd
    stm32f10x_gpio.o(i.GPIO_AFIODeInit) refers to stm32f10x_rcc.o(i.RCC_APB2PeriphResetCmd) for RCC_APB2PeriphResetCmd
    stm32f10x_gpio.o(i.GPIO_DeInit) refers to stm32f10x_rcc.o(i.RCC_APB2PeriphResetCmd) for RCC_APB2PeriphResetCmd
    stm32f10x_rcc.o(i.RCC_GetClocksFreq) refers to stm32f10x_rcc.o(.data) for APBAHBPrescTable
    stm32f10x_rcc.o(i.RCC_WaitForHSEStartUp) refers to stm32f10x_rcc.o(i.RCC_GetFlagStatus) for RCC_GetFlagStatus
    stm32f10x_tim.o(i.TIM_DeInit) refers to stm32f10x_rcc.o(i.RCC_APB2PeriphResetCmd) for RCC_APB2PeriphResetCmd
    stm32f10x_tim.o(i.TIM_DeInit) refers to stm32f10x_rcc.o(i.RCC_APB1PeriphResetCmd) for RCC_APB1PeriphResetCmd
    stm32f10x_tim.o(i.TIM_ETRClockMode1Config) refers to stm32f10x_tim.o(i.TIM_ETRConfig) for TIM_ETRConfig
    stm32f10x_tim.o(i.TIM_ETRClockMode2Config) refers to stm32f10x_tim.o(i.TIM_ETRConfig) for TIM_ETRConfig
    stm32f10x_tim.o(i.TIM_ICInit) refers to stm32f10x_tim.o(i.TI1_Config) for TI1_Config
    stm32f10x_tim.o(i.TIM_ICInit) refers to stm32f10x_tim.o(i.TIM_SetIC1Prescaler) for TIM_SetIC1Prescaler
    stm32f10x_tim.o(i.TIM_ICInit) refers to stm32f10x_tim.o(i.TI2_Config) for TI2_Config
    stm32f10x_tim.o(i.TIM_ICInit) refers to stm32f10x_tim.o(i.TIM_SetIC2Prescaler) for TIM_SetIC2Prescaler
    stm32f10x_tim.o(i.TIM_ICInit) refers to stm32f10x_tim.o(i.TI3_Config) for TI3_Config
    stm32f10x_tim.o(i.TIM_ICInit) refers to stm32f10x_tim.o(i.TIM_SetIC3Prescaler) for TIM_SetIC3Prescaler
    stm32f10x_tim.o(i.TIM_ICInit) refers to stm32f10x_tim.o(i.TI4_Config) for TI4_Config
    stm32f10x_tim.o(i.TIM_ICInit) refers to stm32f10x_tim.o(i.TIM_SetIC4Prescaler) for TIM_SetIC4Prescaler
    stm32f10x_tim.o(i.TIM_ITRxExternalClockConfig) refers to stm32f10x_tim.o(i.TIM_SelectInputTrigger) for TIM_SelectInputTrigger
    stm32f10x_tim.o(i.TIM_PWMIConfig) refers to stm32f10x_tim.o(i.TI1_Config) for TI1_Config
    stm32f10x_tim.o(i.TIM_PWMIConfig) refers to stm32f10x_tim.o(i.TIM_SetIC1Prescaler) for TIM_SetIC1Prescaler
    stm32f10x_tim.o(i.TIM_PWMIConfig) refers to stm32f10x_tim.o(i.TI2_Config) for TI2_Config
    stm32f10x_tim.o(i.TIM_PWMIConfig) refers to stm32f10x_tim.o(i.TIM_SetIC2Prescaler) for TIM_SetIC2Prescaler
    stm32f10x_tim.o(i.TIM_TIxExternalClockConfig) refers to stm32f10x_tim.o(i.TI2_Config) for TI2_Config
    stm32f10x_tim.o(i.TIM_TIxExternalClockConfig) refers to stm32f10x_tim.o(i.TI1_Config) for TI1_Config
    stm32f10x_tim.o(i.TIM_TIxExternalClockConfig) refers to stm32f10x_tim.o(i.TIM_SelectInputTrigger) for TIM_SelectInputTrigger
    stm32f10x_usart.o(i.USART_DeInit) refers to stm32f10x_rcc.o(i.RCC_APB2PeriphResetCmd) for RCC_APB2PeriphResetCmd
    stm32f10x_usart.o(i.USART_DeInit) refers to stm32f10x_rcc.o(i.RCC_APB1PeriphResetCmd) for RCC_APB1PeriphResetCmd
    stm32f10x_usart.o(i.USART_Init) refers to stm32f10x_rcc.o(i.RCC_GetClocksFreq) for RCC_GetClocksFreq
    gpio_stm32f10x.o(i.GPIO_PinConfigure) refers to gpio_stm32f10x.o(i.GPIO_GetPortClockState) for GPIO_GetPortClockState
    gpio_stm32f10x.o(i.GPIO_PinConfigure) refers to gpio_stm32f10x.o(i.GPIO_PortClock) for GPIO_PortClock
    startup_stm32f10x_hd.o(RESET) refers to startup_stm32f10x_hd.o(STACK) for __initial_sp
    startup_stm32f10x_hd.o(RESET) refers to startup_stm32f10x_hd.o(.text) for Reset_Handler
    startup_stm32f10x_hd.o(RESET) refers to stm32f1xx_it.o(i.NMI_Handler) for NMI_Handler
    startup_stm32f10x_hd.o(RESET) refers to stm32f1xx_it.o(i.HardFault_Handler) for HardFault_Handler
    startup_stm32f10x_hd.o(RESET) refers to stm32f1xx_it.o(i.MemManage_Handler) for MemManage_Handler
    startup_stm32f10x_hd.o(RESET) refers to stm32f1xx_it.o(i.BusFault_Handler) for BusFault_Handler
    startup_stm32f10x_hd.o(RESET) refers to stm32f1xx_it.o(i.UsageFault_Handler) for UsageFault_Handler
    startup_stm32f10x_hd.o(RESET) refers to stm32f1xx_it.o(i.SVC_Handler) for SVC_Handler
    startup_stm32f10x_hd.o(RESET) refers to stm32f1xx_it.o(i.DebugMon_Handler) for DebugMon_Handler
    startup_stm32f10x_hd.o(RESET) refers to stm32f1xx_it.o(i.PendSV_Handler) for PendSV_Handler
    startup_stm32f10x_hd.o(RESET) refers to delay.o(i.SysTick_Handler) for SysTick_Handler
    startup_stm32f10x_hd.o(RESET) refers to encoder.o(i.EXTI9_5_IRQHandler) for EXTI9_5_IRQHandler
    startup_stm32f10x_hd.o(RESET) refers to uart.o(i.USART1_IRQHandler) for USART1_IRQHandler
    startup_stm32f10x_hd.o(.text) refers to system_stm32f10x.o(i.SystemInit) for SystemInit
    startup_stm32f10x_hd.o(.text) refers to entry.o(.ARM.Collect$$$$00000000) for __main
    system_stm32f10x.o(i.SetSysClock) refers to system_stm32f10x.o(i.SetSysClockTo72) for SetSysClockTo72
    system_stm32f10x.o(i.SystemCoreClockUpdate) refers to system_stm32f10x.o(.data) for SystemCoreClock
    system_stm32f10x.o(i.SystemInit) refers to system_stm32f10x.o(i.SetSysClock) for SetSysClock
    entry.o(.ARM.Collect$$$$00000000) refers (Special) to entry10a.o(.ARM.Collect$$$$0000000D) for __rt_final_cpp
    entry.o(.ARM.Collect$$$$00000000) refers (Special) to entry11a.o(.ARM.Collect$$$$0000000F) for __rt_final_exit
    entry.o(.ARM.Collect$$$$00000000) refers (Special) to entry7b.o(.ARM.Collect$$$$00000008) for _main_clock
    entry.o(.ARM.Collect$$$$00000000) refers (Special) to entry8b.o(.ARM.Collect$$$$0000000A) for _main_cpp_init
    entry.o(.ARM.Collect$$$$00000000) refers (Special) to entry9a.o(.ARM.Collect$$$$0000000B) for _main_init
    entry.o(.ARM.Collect$$$$00000000) refers (Special) to entry5.o(.ARM.Collect$$$$00000004) for _main_scatterload
    entry.o(.ARM.Collect$$$$00000000) refers (Special) to entry2.o(.ARM.Collect$$$$00000001) for _main_stk
    entry2.o(.ARM.Collect$$$$00000001) refers to entry2.o(.ARM.Collect$$$$00002712) for __lit__00000000
    entry2.o(.ARM.Collect$$$$00002712) refers to startup_stm32f10x_hd.o(STACK) for __initial_sp
    entry2.o(__vectab_stack_and_reset_area) refers to startup_stm32f10x_hd.o(STACK) for __initial_sp
    entry2.o(__vectab_stack_and_reset_area) refers to entry.o(.ARM.Collect$$$$00000000) for __main
    entry5.o(.ARM.Collect$$$$00000004) refers to init.o(.text) for __scatterload
    entry9a.o(.ARM.Collect$$$$0000000B) refers to main.o(i.main) for main
    entry9b.o(.ARM.Collect$$$$0000000C) refers to main.o(i.main) for main
    init.o(.text) refers to entry5.o(.ARM.Collect$$$$00000004) for __main_after_scatterload


==============================================================================

Removing Unused input sections from the image.

    Removing main.o(.rev16_text), (4 bytes).
    Removing main.o(.revsh_text), (4 bytes).
    Removing main.o(.rrx_text), (6 bytes).
    Removing stm32f1xx_it.o(.rev16_text), (4 bytes).
    Removing stm32f1xx_it.o(.revsh_text), (4 bytes).
    Removing stm32f1xx_it.o(.rrx_text), (6 bytes).
    Removing delay.o(.rev16_text), (4 bytes).
    Removing delay.o(.revsh_text), (4 bytes).
    Removing delay.o(.rrx_text), (6 bytes).
    Removing servo.o(.rev16_text), (4 bytes).
    Removing servo.o(.revsh_text), (4 bytes).
    Removing servo.o(.rrx_text), (6 bytes).
    Removing servo.o(i.SERVO_SetPulse), (72 bytes).
    Removing track.o(.rev16_text), (4 bytes).
    Removing track.o(.revsh_text), (4 bytes).
    Removing track.o(.rrx_text), (6 bytes).
    Removing track.o(i.TRACK_GetError), (14 bytes).
    Removing motor.o(.rev16_text), (4 bytes).
    Removing motor.o(.revsh_text), (4 bytes).
    Removing motor.o(.rrx_text), (6 bytes).
    Removing motor.o(i.MOTOR_Brake), (56 bytes).
    Removing motor.o(i.MOTOR_Stop), (36 bytes).
    Removing uart.o(.rev16_text), (4 bytes).
    Removing uart.o(.revsh_text), (4 bytes).
    Removing uart.o(.rrx_text), (6 bytes).
    Removing encoder.o(.rev16_text), (4 bytes).
    Removing encoder.o(.revsh_text), (4 bytes).
    Removing encoder.o(.rrx_text), (6 bytes).
    Removing encoder.o(i.ENCODER_Reset), (80 bytes).
    Removing misc.o(.rev16_text), (4 bytes).
    Removing misc.o(.revsh_text), (4 bytes).
    Removing misc.o(.rrx_text), (6 bytes).
    Removing misc.o(i.NVIC_SetVectorTable), (20 bytes).
    Removing misc.o(i.NVIC_SystemLPConfig), (32 bytes).
    Removing misc.o(i.SysTick_CLKSourceConfig), (40 bytes).
    Removing stm32f10x_adc.o(.rev16_text), (4 bytes).
    Removing stm32f10x_adc.o(.revsh_text), (4 bytes).
    Removing stm32f10x_adc.o(.rrx_text), (6 bytes).
    Removing stm32f10x_adc.o(i.ADC_AnalogWatchdogCmd), (20 bytes).
    Removing stm32f10x_adc.o(i.ADC_AnalogWatchdogSingleChannelConfig), (16 bytes).
    Removing stm32f10x_adc.o(i.ADC_AnalogWatchdogThresholdsConfig), (6 bytes).
    Removing stm32f10x_adc.o(i.ADC_AutoInjectedConvCmd), (22 bytes).
    Removing stm32f10x_adc.o(i.ADC_ClearFlag), (6 bytes).
    Removing stm32f10x_adc.o(i.ADC_ClearITPendingBit), (10 bytes).
    Removing stm32f10x_adc.o(i.ADC_Cmd), (22 bytes).
    Removing stm32f10x_adc.o(i.ADC_DMACmd), (22 bytes).
    Removing stm32f10x_adc.o(i.ADC_DeInit), (92 bytes).
    Removing stm32f10x_adc.o(i.ADC_DiscModeChannelCountConfig), (24 bytes).
    Removing stm32f10x_adc.o(i.ADC_DiscModeCmd), (22 bytes).
    Removing stm32f10x_adc.o(i.ADC_ExternalTrigConvCmd), (22 bytes).
    Removing stm32f10x_adc.o(i.ADC_ExternalTrigInjectedConvCmd), (22 bytes).
    Removing stm32f10x_adc.o(i.ADC_ExternalTrigInjectedConvConfig), (16 bytes).
    Removing stm32f10x_adc.o(i.ADC_GetCalibrationStatus), (20 bytes).
    Removing stm32f10x_adc.o(i.ADC_GetConversionValue), (8 bytes).
    Removing stm32f10x_adc.o(i.ADC_GetDualModeConversionValue), (12 bytes).
    Removing stm32f10x_adc.o(i.ADC_GetFlagStatus), (18 bytes).
    Removing stm32f10x_adc.o(i.ADC_GetITStatus), (36 bytes).
    Removing stm32f10x_adc.o(i.ADC_GetInjectedConversionValue), (28 bytes).
    Removing stm32f10x_adc.o(i.ADC_GetResetCalibrationStatus), (20 bytes).
    Removing stm32f10x_adc.o(i.ADC_GetSoftwareStartConvStatus), (20 bytes).
    Removing stm32f10x_adc.o(i.ADC_GetSoftwareStartInjectedConvCmdStatus), (20 bytes).
    Removing stm32f10x_adc.o(i.ADC_ITConfig), (24 bytes).
    Removing stm32f10x_adc.o(i.ADC_Init), (80 bytes).
    Removing stm32f10x_adc.o(i.ADC_InjectedChannelConfig), (130 bytes).
    Removing stm32f10x_adc.o(i.ADC_InjectedDiscModeCmd), (22 bytes).
    Removing stm32f10x_adc.o(i.ADC_InjectedSequencerLengthConfig), (24 bytes).
    Removing stm32f10x_adc.o(i.ADC_RegularChannelConfig), (184 bytes).
    Removing stm32f10x_adc.o(i.ADC_ResetCalibration), (10 bytes).
    Removing stm32f10x_adc.o(i.ADC_SetInjectedOffset), (20 bytes).
    Removing stm32f10x_adc.o(i.ADC_SoftwareStartConvCmd), (22 bytes).
    Removing stm32f10x_adc.o(i.ADC_SoftwareStartInjectedConvCmd), (22 bytes).
    Removing stm32f10x_adc.o(i.ADC_StartCalibration), (10 bytes).
    Removing stm32f10x_adc.o(i.ADC_StructInit), (18 bytes).
    Removing stm32f10x_adc.o(i.ADC_TempSensorVrefintCmd), (36 bytes).
    Removing stm32f10x_exti.o(.rev16_text), (4 bytes).
    Removing stm32f10x_exti.o(.revsh_text), (4 bytes).
    Removing stm32f10x_exti.o(.rrx_text), (6 bytes).
    Removing stm32f10x_exti.o(i.EXTI_ClearFlag), (12 bytes).
    Removing stm32f10x_exti.o(i.EXTI_DeInit), (36 bytes).
    Removing stm32f10x_exti.o(i.EXTI_GenerateSWInterrupt), (16 bytes).
    Removing stm32f10x_exti.o(i.EXTI_GetFlagStatus), (24 bytes).
    Removing stm32f10x_exti.o(i.EXTI_GetITStatus), (40 bytes).
    Removing stm32f10x_gpio.o(.rev16_text), (4 bytes).
    Removing stm32f10x_gpio.o(.revsh_text), (4 bytes).
    Removing stm32f10x_gpio.o(.rrx_text), (6 bytes).
    Removing stm32f10x_gpio.o(i.GPIO_AFIODeInit), (20 bytes).
    Removing stm32f10x_gpio.o(i.GPIO_DeInit), (200 bytes).
    Removing stm32f10x_gpio.o(i.GPIO_ETH_MediaInterfaceConfig), (12 bytes).
    Removing stm32f10x_gpio.o(i.GPIO_EventOutputCmd), (12 bytes).
    Removing stm32f10x_gpio.o(i.GPIO_EventOutputConfig), (32 bytes).
    Removing stm32f10x_gpio.o(i.GPIO_PinLockConfig), (18 bytes).
    Removing stm32f10x_gpio.o(i.GPIO_ReadInputData), (8 bytes).
    Removing stm32f10x_gpio.o(i.GPIO_ReadOutputData), (8 bytes).
    Removing stm32f10x_gpio.o(i.GPIO_ReadOutputDataBit), (18 bytes).
    Removing stm32f10x_gpio.o(i.GPIO_ResetBits), (4 bytes).
    Removing stm32f10x_gpio.o(i.GPIO_SetBits), (4 bytes).
    Removing stm32f10x_gpio.o(i.GPIO_Write), (4 bytes).
    Removing stm32f10x_gpio.o(i.GPIO_WriteBit), (10 bytes).
    Removing stm32f10x_rcc.o(.rev16_text), (4 bytes).
    Removing stm32f10x_rcc.o(.revsh_text), (4 bytes).
    Removing stm32f10x_rcc.o(.rrx_text), (6 bytes).
    Removing stm32f10x_rcc.o(i.RCC_ADCCLKConfig), (24 bytes).
    Removing stm32f10x_rcc.o(i.RCC_AHBPeriphClockCmd), (32 bytes).
    Removing stm32f10x_rcc.o(i.RCC_APB1PeriphResetCmd), (32 bytes).
    Removing stm32f10x_rcc.o(i.RCC_APB2PeriphResetCmd), (32 bytes).
    Removing stm32f10x_rcc.o(i.RCC_AdjustHSICalibrationValue), (24 bytes).
    Removing stm32f10x_rcc.o(i.RCC_BackupResetCmd), (12 bytes).
    Removing stm32f10x_rcc.o(i.RCC_ClearFlag), (20 bytes).
    Removing stm32f10x_rcc.o(i.RCC_ClearITPendingBit), (12 bytes).
    Removing stm32f10x_rcc.o(i.RCC_ClockSecuritySystemCmd), (12 bytes).
    Removing stm32f10x_rcc.o(i.RCC_DeInit), (76 bytes).
    Removing stm32f10x_rcc.o(i.RCC_GetFlagStatus), (60 bytes).
    Removing stm32f10x_rcc.o(i.RCC_GetITStatus), (24 bytes).
    Removing stm32f10x_rcc.o(i.RCC_GetSYSCLKSource), (16 bytes).
    Removing stm32f10x_rcc.o(i.RCC_HCLKConfig), (24 bytes).
    Removing stm32f10x_rcc.o(i.RCC_HSEConfig), (76 bytes).
    Removing stm32f10x_rcc.o(i.RCC_HSICmd), (12 bytes).
    Removing stm32f10x_rcc.o(i.RCC_ITConfig), (32 bytes).
    Removing stm32f10x_rcc.o(i.RCC_LSEConfig), (52 bytes).
    Removing stm32f10x_rcc.o(i.RCC_LSICmd), (12 bytes).
    Removing stm32f10x_rcc.o(i.RCC_MCOConfig), (12 bytes).
    Removing stm32f10x_rcc.o(i.RCC_PCLK1Config), (24 bytes).
    Removing stm32f10x_rcc.o(i.RCC_PCLK2Config), (24 bytes).
    Removing stm32f10x_rcc.o(i.RCC_PLLCmd), (12 bytes).
    Removing stm32f10x_rcc.o(i.RCC_PLLConfig), (28 bytes).
    Removing stm32f10x_rcc.o(i.RCC_RTCCLKCmd), (12 bytes).
    Removing stm32f10x_rcc.o(i.RCC_RTCCLKConfig), (16 bytes).
    Removing stm32f10x_rcc.o(i.RCC_SYSCLKConfig), (24 bytes).
    Removing stm32f10x_rcc.o(i.RCC_USBCLKConfig), (12 bytes).
    Removing stm32f10x_rcc.o(i.RCC_WaitForHSEStartUp), (56 bytes).
    Removing stm32f10x_tim.o(.rev16_text), (4 bytes).
    Removing stm32f10x_tim.o(.revsh_text), (4 bytes).
    Removing stm32f10x_tim.o(.rrx_text), (6 bytes).
    Removing stm32f10x_tim.o(i.TIM_BDTRConfig), (32 bytes).
    Removing stm32f10x_tim.o(i.TIM_BDTRStructInit), (18 bytes).
    Removing stm32f10x_tim.o(i.TIM_CCPreloadControl), (24 bytes).
    Removing stm32f10x_tim.o(i.TIM_CCxCmd), (30 bytes).
    Removing stm32f10x_tim.o(i.TIM_CCxNCmd), (30 bytes).
    Removing stm32f10x_tim.o(i.TIM_ClearFlag), (6 bytes).
    Removing stm32f10x_tim.o(i.TIM_ClearITPendingBit), (6 bytes).
    Removing stm32f10x_tim.o(i.TIM_ClearOC1Ref), (18 bytes).
    Removing stm32f10x_tim.o(i.TIM_ClearOC2Ref), (24 bytes).
    Removing stm32f10x_tim.o(i.TIM_ClearOC3Ref), (18 bytes).
    Removing stm32f10x_tim.o(i.TIM_ClearOC4Ref), (24 bytes).
    Removing stm32f10x_tim.o(i.TIM_CounterModeConfig), (18 bytes).
    Removing stm32f10x_tim.o(i.TIM_CtrlPWMOutputs), (30 bytes).
    Removing stm32f10x_tim.o(i.TIM_DMACmd), (18 bytes).
    Removing stm32f10x_tim.o(i.TIM_DMAConfig), (10 bytes).
    Removing stm32f10x_tim.o(i.TIM_DeInit), (488 bytes).
    Removing stm32f10x_tim.o(i.TIM_ETRClockMode1Config), (54 bytes).
    Removing stm32f10x_tim.o(i.TIM_ETRClockMode2Config), (32 bytes).
    Removing stm32f10x_tim.o(i.TIM_ETRConfig), (28 bytes).
    Removing stm32f10x_tim.o(i.TIM_ForcedOC1Config), (18 bytes).
    Removing stm32f10x_tim.o(i.TIM_ForcedOC2Config), (26 bytes).
    Removing stm32f10x_tim.o(i.TIM_ForcedOC3Config), (18 bytes).
    Removing stm32f10x_tim.o(i.TIM_ForcedOC4Config), (26 bytes).
    Removing stm32f10x_tim.o(i.TIM_GenerateEvent), (4 bytes).
    Removing stm32f10x_tim.o(i.TIM_GetCapture1), (6 bytes).
    Removing stm32f10x_tim.o(i.TIM_GetCapture2), (6 bytes).
    Removing stm32f10x_tim.o(i.TIM_GetCapture3), (6 bytes).
    Removing stm32f10x_tim.o(i.TIM_GetCapture4), (8 bytes).
    Removing stm32f10x_tim.o(i.TIM_GetFlagStatus), (18 bytes).
    Removing stm32f10x_tim.o(i.TIM_GetITStatus), (34 bytes).
    Removing stm32f10x_tim.o(i.TIM_GetPrescaler), (6 bytes).
    Removing stm32f10x_tim.o(i.TIM_ITConfig), (18 bytes).
    Removing stm32f10x_tim.o(i.TIM_ITRxExternalClockConfig), (24 bytes).
    Removing stm32f10x_tim.o(i.TIM_InternalClockConfig), (12 bytes).
    Removing stm32f10x_tim.o(i.TIM_OC1FastConfig), (18 bytes).
    Removing stm32f10x_tim.o(i.TIM_OC1NPolarityConfig), (18 bytes).
    Removing stm32f10x_tim.o(i.TIM_OC1PolarityConfig), (18 bytes).
    Removing stm32f10x_tim.o(i.TIM_OC1PreloadConfig), (18 bytes).
    Removing stm32f10x_tim.o(i.TIM_OC2FastConfig), (26 bytes).
    Removing stm32f10x_tim.o(i.TIM_OC2NPolarityConfig), (26 bytes).
    Removing stm32f10x_tim.o(i.TIM_OC2PolarityConfig), (26 bytes).
    Removing stm32f10x_tim.o(i.TIM_OC2PreloadConfig), (26 bytes).
    Removing stm32f10x_tim.o(i.TIM_OC3FastConfig), (18 bytes).
    Removing stm32f10x_tim.o(i.TIM_OC3NPolarityConfig), (26 bytes).
    Removing stm32f10x_tim.o(i.TIM_OC3PolarityConfig), (26 bytes).
    Removing stm32f10x_tim.o(i.TIM_OC3PreloadConfig), (18 bytes).
    Removing stm32f10x_tim.o(i.TIM_OC4FastConfig), (26 bytes).
    Removing stm32f10x_tim.o(i.TIM_OC4PolarityConfig), (26 bytes).
    Removing stm32f10x_tim.o(i.TIM_OC4PreloadConfig), (26 bytes).
    Removing stm32f10x_tim.o(i.TIM_PWMIConfig), (124 bytes).
    Removing stm32f10x_tim.o(i.TIM_PrescalerConfig), (6 bytes).
    Removing stm32f10x_tim.o(i.TIM_SelectCCDMA), (24 bytes).
    Removing stm32f10x_tim.o(i.TIM_SelectCOM), (24 bytes).
    Removing stm32f10x_tim.o(i.TIM_SelectHallSensor), (24 bytes).
    Removing stm32f10x_tim.o(i.TIM_SelectInputTrigger), (18 bytes).
    Removing stm32f10x_tim.o(i.TIM_SelectMasterSlaveMode), (18 bytes).
    Removing stm32f10x_tim.o(i.TIM_SelectOCxM), (82 bytes).
    Removing stm32f10x_tim.o(i.TIM_SelectOnePulseMode), (18 bytes).
    Removing stm32f10x_tim.o(i.TIM_SelectOutputTrigger), (18 bytes).
    Removing stm32f10x_tim.o(i.TIM_SelectSlaveMode), (18 bytes).
    Removing stm32f10x_tim.o(i.TIM_SetAutoreload), (4 bytes).
    Removing stm32f10x_tim.o(i.TIM_SetClockDivision), (18 bytes).
    Removing stm32f10x_tim.o(i.TIM_TIxExternalClockConfig), (62 bytes).
    Removing stm32f10x_tim.o(i.TIM_UpdateDisableConfig), (24 bytes).
    Removing stm32f10x_tim.o(i.TIM_UpdateRequestConfig), (24 bytes).
    Removing stm32f10x_usart.o(.rev16_text), (4 bytes).
    Removing stm32f10x_usart.o(.revsh_text), (4 bytes).
    Removing stm32f10x_usart.o(.rrx_text), (6 bytes).
    Removing stm32f10x_usart.o(i.USART_ClearFlag), (18 bytes).
    Removing stm32f10x_usart.o(i.USART_ClearITPendingBit), (30 bytes).
    Removing stm32f10x_usart.o(i.USART_ClockInit), (34 bytes).
    Removing stm32f10x_usart.o(i.USART_ClockStructInit), (12 bytes).
    Removing stm32f10x_usart.o(i.USART_DMACmd), (18 bytes).
    Removing stm32f10x_usart.o(i.USART_DeInit), (156 bytes).
    Removing stm32f10x_usart.o(i.USART_GetFlagStatus), (26 bytes).
    Removing stm32f10x_usart.o(i.USART_HalfDuplexCmd), (24 bytes).
    Removing stm32f10x_usart.o(i.USART_IrDACmd), (24 bytes).
    Removing stm32f10x_usart.o(i.USART_IrDAConfig), (18 bytes).
    Removing stm32f10x_usart.o(i.USART_LINBreakDetectLengthConfig), (18 bytes).
    Removing stm32f10x_usart.o(i.USART_LINCmd), (24 bytes).
    Removing stm32f10x_usart.o(i.USART_OneBitMethodCmd), (24 bytes).
    Removing stm32f10x_usart.o(i.USART_OverSampling8Cmd), (22 bytes).
    Removing stm32f10x_usart.o(i.USART_ReceiveData), (10 bytes).
    Removing stm32f10x_usart.o(i.USART_ReceiverWakeUpCmd), (24 bytes).
    Removing stm32f10x_usart.o(i.USART_SendBreak), (10 bytes).
    Removing stm32f10x_usart.o(i.USART_SetAddress), (18 bytes).
    Removing stm32f10x_usart.o(i.USART_SetGuardTime), (16 bytes).
    Removing stm32f10x_usart.o(i.USART_SetPrescaler), (16 bytes).
    Removing stm32f10x_usart.o(i.USART_SmartCardCmd), (24 bytes).
    Removing stm32f10x_usart.o(i.USART_SmartCardNACKCmd), (24 bytes).
    Removing stm32f10x_usart.o(i.USART_WakeUpConfig), (18 bytes).
    Removing gpio_stm32f10x.o(.rev16_text), (4 bytes).
    Removing gpio_stm32f10x.o(.revsh_text), (4 bytes).
    Removing gpio_stm32f10x.o(.rrx_text), (6 bytes).
    Removing gpio_stm32f10x.o(i.GPIO_AFConfigure), (156 bytes).
    Removing gpio_stm32f10x.o(i.GPIO_GetPortClockState), (152 bytes).
    Removing gpio_stm32f10x.o(i.GPIO_PinConfigure), (120 bytes).
    Removing gpio_stm32f10x.o(i.GPIO_PortClock), (316 bytes).
    Removing startup_stm32f10x_hd.o(HEAP), (512 bytes).
    Removing system_stm32f10x.o(.rev16_text), (4 bytes).
    Removing system_stm32f10x.o(.revsh_text), (4 bytes).
    Removing system_stm32f10x.o(.rrx_text), (6 bytes).
    Removing system_stm32f10x.o(i.SystemCoreClockUpdate), (164 bytes).

236 unused section(s) (total 6990 bytes) removed from the image.

==============================================================================

Image Symbol Table

    Local Symbols

    Symbol Name                              Value     Ov Type        Size  Object(Section)

    ../clib/microlib/init/entry.s            0x00000000   Number         0  entry2.o ABSOLUTE
    ../clib/microlib/init/entry.s            0x00000000   Number         0  entry7b.o ABSOLUTE
    ../clib/microlib/init/entry.s            0x00000000   Number         0  entry7a.o ABSOLUTE
    ../clib/microlib/init/entry.s            0x00000000   Number         0  entry8a.o ABSOLUTE
    ../clib/microlib/init/entry.s            0x00000000   Number         0  entry5.o ABSOLUTE
    ../clib/microlib/init/entry.s            0x00000000   Number         0  entry.o ABSOLUTE
    ../clib/microlib/init/entry.s            0x00000000   Number         0  entry8b.o ABSOLUTE
    ../clib/microlib/init/entry.s            0x00000000   Number         0  entry9b.o ABSOLUTE
    ../clib/microlib/init/entry.s            0x00000000   Number         0  entry9a.o ABSOLUTE
    ../clib/microlib/init/entry.s            0x00000000   Number         0  entry11b.o ABSOLUTE
    ../clib/microlib/init/entry.s            0x00000000   Number         0  entry11a.o ABSOLUTE
    ../clib/microlib/init/entry.s            0x00000000   Number         0  entry10b.o ABSOLUTE
    ../clib/microlib/init/entry.s            0x00000000   Number         0  entry10a.o ABSOLUTE
    D:\\keil_v5\\ARM\\PACK\\Keil\\STM32F1xx_DFP\\2.4.1\\Device\\StdPeriph_Driver\\src\\misc.c 0x00000000   Number         0  misc.o ABSOLUTE
    D:\\keil_v5\\ARM\\PACK\\Keil\\STM32F1xx_DFP\\2.4.1\\Device\\StdPeriph_Driver\\src\\stm32f10x_adc.c 0x00000000   Number         0  stm32f10x_adc.o ABSOLUTE
    D:\\keil_v5\\ARM\\PACK\\Keil\\STM32F1xx_DFP\\2.4.1\\Device\\StdPeriph_Driver\\src\\stm32f10x_exti.c 0x00000000   Number         0  stm32f10x_exti.o ABSOLUTE
    D:\\keil_v5\\ARM\\PACK\\Keil\\STM32F1xx_DFP\\2.4.1\\Device\\StdPeriph_Driver\\src\\stm32f10x_gpio.c 0x00000000   Number         0  stm32f10x_gpio.o ABSOLUTE
    D:\\keil_v5\\ARM\\PACK\\Keil\\STM32F1xx_DFP\\2.4.1\\Device\\StdPeriph_Driver\\src\\stm32f10x_rcc.c 0x00000000   Number         0  stm32f10x_rcc.o ABSOLUTE
    D:\\keil_v5\\ARM\\PACK\\Keil\\STM32F1xx_DFP\\2.4.1\\Device\\StdPeriph_Driver\\src\\stm32f10x_tim.c 0x00000000   Number         0  stm32f10x_tim.o ABSOLUTE
    D:\\keil_v5\\ARM\\PACK\\Keil\\STM32F1xx_DFP\\2.4.1\\Device\\StdPeriph_Driver\\src\\stm32f10x_usart.c 0x00000000   Number         0  stm32f10x_usart.o ABSOLUTE
    D:\\keil_v5\\ARM\\PACK\\Keil\\STM32F1xx_DFP\\2.4.1\\RTE_Driver\\GPIO_STM32F10x.c 0x00000000   Number         0  gpio_stm32f10x.o ABSOLUTE
    D:\keil_v5\ARM\PACK\Keil\STM32F1xx_DFP\2.4.1\Device\StdPeriph_Driver\src\misc.c 0x00000000   Number         0  misc.o ABSOLUTE
    D:\keil_v5\ARM\PACK\Keil\STM32F1xx_DFP\2.4.1\Device\StdPeriph_Driver\src\stm32f10x_adc.c 0x00000000   Number         0  stm32f10x_adc.o ABSOLUTE
    D:\keil_v5\ARM\PACK\Keil\STM32F1xx_DFP\2.4.1\Device\StdPeriph_Driver\src\stm32f10x_exti.c 0x00000000   Number         0  stm32f10x_exti.o ABSOLUTE
    D:\keil_v5\ARM\PACK\Keil\STM32F1xx_DFP\2.4.1\Device\StdPeriph_Driver\src\stm32f10x_gpio.c 0x00000000   Number         0  stm32f10x_gpio.o ABSOLUTE
    D:\keil_v5\ARM\PACK\Keil\STM32F1xx_DFP\2.4.1\Device\StdPeriph_Driver\src\stm32f10x_rcc.c 0x00000000   Number         0  stm32f10x_rcc.o ABSOLUTE
    D:\keil_v5\ARM\PACK\Keil\STM32F1xx_DFP\2.4.1\Device\StdPeriph_Driver\src\stm32f10x_tim.c 0x00000000   Number         0  stm32f10x_tim.o ABSOLUTE
    D:\keil_v5\ARM\PACK\Keil\STM32F1xx_DFP\2.4.1\Device\StdPeriph_Driver\src\stm32f10x_usart.c 0x00000000   Number         0  stm32f10x_usart.o ABSOLUTE
    D:\keil_v5\ARM\PACK\Keil\STM32F1xx_DFP\2.4.1\RTE_Driver\GPIO_STM32F10x.c 0x00000000   Number         0  gpio_stm32f10x.o ABSOLUTE
    RTE\Device\STM32F103RC\startup_stm32f10x_hd.s 0x00000000   Number         0  startup_stm32f10x_hd.o ABSOLUTE
    RTE\Device\STM32F103RC\system_stm32f10x.c 0x00000000   Number         0  system_stm32f10x.o ABSOLUTE
    RTE\\Device\\STM32F103RC\\system_stm32f10x.c 0x00000000   Number         0  system_stm32f10x.o ABSOLUTE
    dc.s                                     0x00000000   Number         0  dc.o ABSOLUTE
    delay.c                                  0x00000000   Number         0  delay.o ABSOLUTE
    delay.c                                  0x00000000   Number         0  delay.o ABSOLUTE
    encoder.c                                0x00000000   Number         0  encoder.o ABSOLUTE
    encoder.c                                0x00000000   Number         0  encoder.o ABSOLUTE
    handlers.s                               0x00000000   Number         0  handlers.o ABSOLUTE
    init.s                                   0x00000000   Number         0  init.o ABSOLUTE
    main.c                                   0x00000000   Number         0  main.o ABSOLUTE
    main.c                                   0x00000000   Number         0  main.o ABSOLUTE
    motor.c                                  0x00000000   Number         0  motor.o ABSOLUTE
    motor.c                                  0x00000000   Number         0  motor.o ABSOLUTE
    servo.c                                  0x00000000   Number         0  servo.o ABSOLUTE
    servo.c                                  0x00000000   Number         0  servo.o ABSOLUTE
    stm32f1xx_it.c                           0x00000000   Number         0  stm32f1xx_it.o ABSOLUTE
    stm32f1xx_it.c                           0x00000000   Number         0  stm32f1xx_it.o ABSOLUTE
    track.c                                  0x00000000   Number         0  track.o ABSOLUTE
    track.c                                  0x00000000   Number         0  track.o ABSOLUTE
    uart.c                                   0x00000000   Number         0  uart.o ABSOLUTE
    uart.c                                   0x00000000   Number         0  uart.o ABSOLUTE
    RESET                                    0x08000000   Section      304  startup_stm32f10x_hd.o(RESET)
    .ARM.Collect$$$$00000000                 0x08000130   Section        0  entry.o(.ARM.Collect$$$$00000000)
    .ARM.Collect$$$$00000001                 0x08000130   Section        4  entry2.o(.ARM.Collect$$$$00000001)
    .ARM.Collect$$$$00000004                 0x08000134   Section        4  entry5.o(.ARM.Collect$$$$00000004)
    .ARM.Collect$$$$00000008                 0x08000138   Section        0  entry7b.o(.ARM.Collect$$$$00000008)
    .ARM.Collect$$$$0000000A                 0x08000138   Section        0  entry8b.o(.ARM.Collect$$$$0000000A)
    .ARM.Collect$$$$0000000B                 0x08000138   Section        8  entry9a.o(.ARM.Collect$$$$0000000B)
    .ARM.Collect$$$$0000000D                 0x08000140   Section        0  entry10a.o(.ARM.Collect$$$$0000000D)
    .ARM.Collect$$$$0000000F                 0x08000140   Section        0  entry11a.o(.ARM.Collect$$$$0000000F)
    .ARM.Collect$$$$00002712                 0x08000140   Section        4  entry2.o(.ARM.Collect$$$$00002712)
    __lit__00000000                          0x08000140   Data           4  entry2.o(.ARM.Collect$$$$00002712)
    .text                                    0x08000144   Section       36  startup_stm32f10x_hd.o(.text)
    .text                                    0x08000168   Section       36  init.o(.text)
    i.BusFault_Handler                       0x0800018c   Section        0  stm32f1xx_it.o(i.BusFault_Handler)
    i.DebugMon_Handler                       0x08000190   Section        0  stm32f1xx_it.o(i.DebugMon_Handler)
    i.Delay_GetTick                          0x08000194   Section        0  delay.o(i.Delay_GetTick)
    i.Delay_ms                               0x080001a0   Section        0  delay.o(i.Delay_ms)
    i.ENCODER_GetDelta                       0x080001b8   Section        0  encoder.o(i.ENCODER_GetDelta)
    i.ENCODER_GetTotal                       0x0800023c   Section        0  encoder.o(i.ENCODER_GetTotal)
    i.ENCODER_Init                           0x0800025c   Section        0  encoder.o(i.ENCODER_Init)
    i.EXTI9_5_IRQHandler                     0x080002a4   Section        0  encoder.o(i.EXTI9_5_IRQHandler)
    i.EXTI_ClearITPendingBit                 0x080002ec   Section        0  stm32f10x_exti.o(i.EXTI_ClearITPendingBit)
    i.EXTI_Init                              0x080002f8   Section        0  stm32f10x_exti.o(i.EXTI_Init)
    i.EXTI_StructInit                        0x0800038c   Section        0  stm32f10x_exti.o(i.EXTI_StructInit)
    i.Encoder_LeftEXTI_Init                  0x0800039c   Section        0  encoder.o(i.Encoder_LeftEXTI_Init)
    Encoder_LeftEXTI_Init                    0x0800039d   Thumb Code    84  encoder.o(i.Encoder_LeftEXTI_Init)
    i.Encoder_ReadLeftState                  0x080003f0   Section        0  encoder.o(i.Encoder_ReadLeftState)
    Encoder_ReadLeftState                    0x080003f1   Thumb Code    36  encoder.o(i.Encoder_ReadLeftState)
    i.Encoder_RightTIM2_Init                 0x08000418   Section        0  encoder.o(i.Encoder_RightTIM2_Init)
    Encoder_RightTIM2_Init                   0x08000419   Thumb Code   132  encoder.o(i.Encoder_RightTIM2_Init)
    i.GPIO_EXTILineConfig                    0x0800049c   Section        0  stm32f10x_gpio.o(i.GPIO_EXTILineConfig)
    i.GPIO_Init                              0x080004dc   Section        0  stm32f10x_gpio.o(i.GPIO_Init)
    i.GPIO_PinRemapConfig                    0x080005f4   Section        0  stm32f10x_gpio.o(i.GPIO_PinRemapConfig)
    i.GPIO_ReadInputDataBit                  0x08000684   Section        0  stm32f10x_gpio.o(i.GPIO_ReadInputDataBit)
    i.GPIO_StructInit                        0x08000696   Section        0  stm32f10x_gpio.o(i.GPIO_StructInit)
    i.HardFault_Handler                      0x080006a6   Section        0  stm32f1xx_it.o(i.HardFault_Handler)
    i.MOTOR_GetSpeed                         0x080006ac   Section        0  motor.o(i.MOTOR_GetSpeed)
    i.MOTOR_Init                             0x080006c8   Section        0  motor.o(i.MOTOR_Init)
    i.MOTOR_SetSpeed                         0x080006d8   Section        0  motor.o(i.MOTOR_SetSpeed)
    i.MOTOR_SetSpeeds                        0x08000714   Section        0  motor.o(i.MOTOR_SetSpeeds)
    i.MX_GPIO_Init                           0x0800072c   Section        0  motor.o(i.MX_GPIO_Init)
    MX_GPIO_Init                             0x0800072d   Thumb Code    56  motor.o(i.MX_GPIO_Init)
    i.MX_TIM4_Init                           0x08000768   Section        0  motor.o(i.MX_TIM4_Init)
    MX_TIM4_Init                             0x08000769   Thumb Code   136  motor.o(i.MX_TIM4_Init)
    i.MemManage_Handler                      0x080007f4   Section        0  stm32f1xx_it.o(i.MemManage_Handler)
    i.Motor_LoadConfig                       0x080007f8   Section        0  motor.o(i.Motor_LoadConfig)
    Motor_LoadConfig                         0x080007f9   Thumb Code    42  motor.o(i.Motor_LoadConfig)
    i.Motor_SetDirection                     0x08000828   Section        0  motor.o(i.Motor_SetDirection)
    Motor_SetDirection                       0x08000829   Thumb Code    86  motor.o(i.Motor_SetDirection)
    i.NMI_Handler                            0x08000884   Section        0  stm32f1xx_it.o(i.NMI_Handler)
    i.NVIC_Configuration                     0x08000886   Section        0  main.o(i.NVIC_Configuration)
    NVIC_Configuration                       0x08000887   Thumb Code    12  main.o(i.NVIC_Configuration)
    i.NVIC_Init                              0x08000894   Section        0  misc.o(i.NVIC_Init)
    i.NVIC_PriorityGroupConfig               0x08000904   Section        0  misc.o(i.NVIC_PriorityGroupConfig)
    i.PendSV_Handler                         0x08000918   Section        0  stm32f1xx_it.o(i.PendSV_Handler)
    i.RCC_APB1PeriphClockCmd                 0x0800091c   Section        0  stm32f10x_rcc.o(i.RCC_APB1PeriphClockCmd)
    i.RCC_APB2PeriphClockCmd                 0x0800093c   Section        0  stm32f10x_rcc.o(i.RCC_APB2PeriphClockCmd)
    i.RCC_GetClocksFreq                      0x0800095c   Section        0  stm32f10x_rcc.o(i.RCC_GetClocksFreq)
    i.SERVO_GetAngle                         0x08000a30   Section        0  servo.o(i.SERVO_GetAngle)
    i.SERVO_GetPulse                         0x08000a3c   Section        0  servo.o(i.SERVO_GetPulse)
    i.SERVO_Init                             0x08000a48   Section        0  servo.o(i.SERVO_Init)
    i.SERVO_SetAngle                         0x08000ae4   Section        0  servo.o(i.SERVO_SetAngle)
    i.SVC_Handler                            0x08000b1c   Section        0  stm32f1xx_it.o(i.SVC_Handler)
    i.SetSysClock                            0x08000b1e   Section        0  system_stm32f10x.o(i.SetSysClock)
    SetSysClock                              0x08000b1f   Thumb Code     8  system_stm32f10x.o(i.SetSysClock)
    i.SetSysClockTo72                        0x08000b28   Section        0  system_stm32f10x.o(i.SetSysClockTo72)
    SetSysClockTo72                          0x08000b29   Thumb Code   214  system_stm32f10x.o(i.SetSysClockTo72)
    i.SpeedToPulse                           0x08000c08   Section        0  motor.o(i.SpeedToPulse)
    SpeedToPulse                             0x08000c09   Thumb Code    38  motor.o(i.SpeedToPulse)
    i.SysTick_Handler                        0x08000c30   Section        0  delay.o(i.SysTick_Handler)
    i.SysTick_Init                           0x08000c40   Section        0  delay.o(i.SysTick_Init)
    i.SystemInit                             0x08000c90   Section        0  system_stm32f10x.o(i.SystemInit)
    i.TI1_Config                             0x08000cf0   Section        0  stm32f10x_tim.o(i.TI1_Config)
    TI1_Config                               0x08000cf1   Thumb Code   108  stm32f10x_tim.o(i.TI1_Config)
    i.TI2_Config                             0x08000d70   Section        0  stm32f10x_tim.o(i.TI2_Config)
    TI2_Config                               0x08000d71   Thumb Code   130  stm32f10x_tim.o(i.TI2_Config)
    i.TI3_Config                             0x08000e08   Section        0  stm32f10x_tim.o(i.TI3_Config)
    TI3_Config                               0x08000e09   Thumb Code   122  stm32f10x_tim.o(i.TI3_Config)
    i.TI4_Config                             0x08000e98   Section        0  stm32f10x_tim.o(i.TI4_Config)
    TI4_Config                               0x08000e99   Thumb Code   130  stm32f10x_tim.o(i.TI4_Config)
    i.TIM4_SetCompare                        0x08000f30   Section        0  motor.o(i.TIM4_SetCompare)
    TIM4_SetCompare                          0x08000f31   Thumb Code    70  motor.o(i.TIM4_SetCompare)
    i.TIM_ARRPreloadConfig                   0x08000f7c   Section        0  stm32f10x_tim.o(i.TIM_ARRPreloadConfig)
    i.TIM_Cmd                                0x08000f94   Section        0  stm32f10x_tim.o(i.TIM_Cmd)
    i.TIM_EncoderInterfaceConfig             0x08000fac   Section        0  stm32f10x_tim.o(i.TIM_EncoderInterfaceConfig)
    i.TIM_GetCounter                         0x08000fee   Section        0  stm32f10x_tim.o(i.TIM_GetCounter)
    i.TIM_ICInit                             0x08000ff4   Section        0  stm32f10x_tim.o(i.TIM_ICInit)
    i.TIM_ICStructInit                       0x080010a0   Section        0  stm32f10x_tim.o(i.TIM_ICStructInit)
    i.TIM_OC1Init                            0x080010b4   Section        0  stm32f10x_tim.o(i.TIM_OC1Init)
    i.TIM_OC2Init                            0x0800114c   Section        0  stm32f10x_tim.o(i.TIM_OC2Init)
    i.TIM_OC3Init                            0x080011f0   Section        0  stm32f10x_tim.o(i.TIM_OC3Init)
    i.TIM_OC4Init                            0x08001290   Section        0  stm32f10x_tim.o(i.TIM_OC4Init)
    i.TIM_OCStructInit                       0x0800130c   Section        0  stm32f10x_tim.o(i.TIM_OCStructInit)
    i.TIM_SetCompare1                        0x08001320   Section        0  stm32f10x_tim.o(i.TIM_SetCompare1)
    i.TIM_SetCompare2                        0x08001324   Section        0  stm32f10x_tim.o(i.TIM_SetCompare2)
    i.TIM_SetCompare3                        0x08001328   Section        0  stm32f10x_tim.o(i.TIM_SetCompare3)
    i.TIM_SetCompare4                        0x0800132c   Section        0  stm32f10x_tim.o(i.TIM_SetCompare4)
    i.TIM_SetCounter                         0x08001332   Section        0  stm32f10x_tim.o(i.TIM_SetCounter)
    i.TIM_SetIC1Prescaler                    0x08001336   Section        0  stm32f10x_tim.o(i.TIM_SetIC1Prescaler)
    i.TIM_SetIC2Prescaler                    0x08001348   Section        0  stm32f10x_tim.o(i.TIM_SetIC2Prescaler)
    i.TIM_SetIC3Prescaler                    0x08001362   Section        0  stm32f10x_tim.o(i.TIM_SetIC3Prescaler)
    i.TIM_SetIC4Prescaler                    0x08001374   Section        0  stm32f10x_tim.o(i.TIM_SetIC4Prescaler)
    i.TIM_TimeBaseInit                       0x08001390   Section        0  stm32f10x_tim.o(i.TIM_TimeBaseInit)
    i.TIM_TimeBaseStructInit                 0x08001434   Section        0  stm32f10x_tim.o(i.TIM_TimeBaseStructInit)
    i.TRACK_FilterSample                     0x08001448   Section        0  track.o(i.TRACK_FilterSample)
    i.TRACK_GetCorrection                    0x080014d4   Section        0  track.o(i.TRACK_GetCorrection)
    i.TRACK_GetErrorFromRaw                  0x08001518   Section        0  track.o(i.TRACK_GetErrorFromRaw)
    i.TRACK_Init                             0x08001554   Section        0  track.o(i.TRACK_Init)
    i.TRACK_Read                             0x08001580   Section        0  track.o(i.TRACK_Read)
    i.TRACK_SelectLikelyLine                 0x080015d4   Section        0  track.o(i.TRACK_SelectLikelyLine)
    i.Telemetry_Send                         0x08001684   Section        0  main.o(i.Telemetry_Send)
    Telemetry_Send                           0x08001685   Thumb Code   234  main.o(i.Telemetry_Send)
    i.Track_Run                              0x080017d4   Section        0  main.o(i.Track_Run)
    Track_Run                                0x080017d5   Thumb Code  1024  main.o(i.Track_Run)
    i.UART_Init                              0x08001bd4   Section        0  uart.o(i.UART_Init)
    i.UART_SendChar                          0x08001c78   Section        0  uart.o(i.UART_SendChar)
    i.UART_SendInt32                         0x08001cb8   Section        0  uart.o(i.UART_SendInt32)
    i.UART_SendString                        0x08001d0a   Section        0  uart.o(i.UART_SendString)
    i.USART1_IRQHandler                      0x08001d20   Section        0  uart.o(i.USART1_IRQHandler)
    i.USART_Cmd                              0x08001d74   Section        0  stm32f10x_usart.o(i.USART_Cmd)
    i.USART_GetITStatus                      0x08001d8c   Section        0  stm32f10x_usart.o(i.USART_GetITStatus)
    i.USART_ITConfig                         0x08001de0   Section        0  stm32f10x_usart.o(i.USART_ITConfig)
    i.USART_Init                             0x08001e2c   Section        0  stm32f10x_usart.o(i.USART_Init)
    i.USART_SendData                         0x08001f04   Section        0  stm32f10x_usart.o(i.USART_SendData)
    i.USART_StructInit                       0x08001f0c   Section        0  stm32f10x_usart.o(i.USART_StructInit)
    i.UsageFault_Handler                     0x08001f24   Section        0  stm32f1xx_it.o(i.UsageFault_Handler)
    i.__NVIC_SetPriority                     0x08001f28   Section        0  delay.o(i.__NVIC_SetPriority)
    __NVIC_SetPriority                       0x08001f29   Thumb Code    32  delay.o(i.__NVIC_SetPriority)
    i.__scatterload_copy                     0x08001f50   Section       14  handlers.o(i.__scatterload_copy)
    i.__scatterload_null                     0x08001f5e   Section        2  handlers.o(i.__scatterload_null)
    i.__scatterload_zeroinit                 0x08001f60   Section       14  handlers.o(i.__scatterload_zeroinit)
    i.main                                   0x08001f70   Section        0  main.o(i.main)
    .constdata                               0x08001fbc   Section        5  track.o(.constdata)
    TRACK_WEIGHT                             0x08001fbc   Data           5  track.o(.constdata)
    .constdata                               0x08001fc1   Section       16  encoder.o(.constdata)
    QUADRATURE_TABLE                         0x08001fc1   Data          16  encoder.o(.constdata)
    .data                                    0x20000000   Section        4  delay.o(.data)
    g_systick_ms                             0x20000000   Data           4  delay.o(.data)
    .data                                    0x20000004   Section        4  servo.o(.data)
    g_servo_angle                            0x20000004   Data           1  servo.o(.data)
    g_servo_pulse                            0x20000006   Data           2  servo.o(.data)
    .data                                    0x20000008   Section        5  track.o(.data)
    history                                  0x20000008   Data           3  track.o(.data)
    history_index                            0x2000000b   Data           1  track.o(.data)
    initialized                              0x2000000c   Data           1  track.o(.data)
    .data                                    0x2000000e   Section        8  motor.o(.data)
    g_motors                                 0x2000000e   Data           8  motor.o(.data)
    .data                                    0x20000016   Section        4  uart.o(.data)
    g_tx_head                                0x20000016   Data           2  uart.o(.data)
    g_tx_tail                                0x20000018   Data           2  uart.o(.data)
    .data                                    0x2000001c   Section       24  encoder.o(.data)
    g_left_total                             0x2000001c   Data           4  encoder.o(.data)
    g_left_previous                          0x20000020   Data           1  encoder.o(.data)
    g_left_last_report                       0x20000024   Data           4  encoder.o(.data)
    g_right_last_count                       0x20000028   Data           2  encoder.o(.data)
    g_right_total                            0x2000002c   Data           4  encoder.o(.data)
    g_right_last_report                      0x20000030   Data           4  encoder.o(.data)
    .data                                    0x20000034   Section       20  stm32f10x_rcc.o(.data)
    APBAHBPrescTable                         0x20000034   Data          16  stm32f10x_rcc.o(.data)
    ADCPrescTable                            0x20000044   Data           4  stm32f10x_rcc.o(.data)
    .data                                    0x20000048   Section       20  system_stm32f10x.o(.data)
    .bss                                     0x2000005c   Section      256  uart.o(.bss)
    g_tx_buffer                              0x2000005c   Data         256  uart.o(.bss)
    STACK                                    0x20000160   Section     1024  startup_stm32f10x_hd.o(STACK)

    Global Symbols

    Symbol Name                              Value     Ov Type        Size  Object(Section)

    BuildAttributes$$THM_ISAv4$P$D$K$B$S$PE$A:L22UL41UL21$X:L11$S22US41US21$IEEE1$IW$USESV6$~STKCKD$USESV7$~SHL$OSPACE$EBA8$MICROLIB$REQ8$PRES8$EABIv2 0x00000000   Number         0  anon$$obj.o ABSOLUTE
    __ARM_use_no_argv                        0x00000000   Number         0  main.o ABSOLUTE
    __cpp_initialize__aeabi_                  - Undefined Weak Reference
    __cxa_finalize                            - Undefined Weak Reference
    __decompress                              - Undefined Weak Reference
    _clock_init                               - Undefined Weak Reference
    _microlib_exit                            - Undefined Weak Reference
    __Vectors_Size                           0x00000130   Number         0  startup_stm32f10x_hd.o ABSOLUTE
    __Vectors                                0x08000000   Data           4  startup_stm32f10x_hd.o(RESET)
    __Vectors_End                            0x08000130   Data           0  startup_stm32f10x_hd.o(RESET)
    __main                                   0x08000131   Thumb Code     0  entry.o(.ARM.Collect$$$$00000000)
    _main_stk                                0x08000131   Thumb Code     0  entry2.o(.ARM.Collect$$$$00000001)
    _main_scatterload                        0x08000135   Thumb Code     0  entry5.o(.ARM.Collect$$$$00000004)
    __main_after_scatterload                 0x08000139   Thumb Code     0  entry5.o(.ARM.Collect$$$$00000004)
    _main_clock                              0x08000139   Thumb Code     0  entry7b.o(.ARM.Collect$$$$00000008)
    _main_cpp_init                           0x08000139   Thumb Code     0  entry8b.o(.ARM.Collect$$$$0000000A)
    _main_init                               0x08000139   Thumb Code     0  entry9a.o(.ARM.Collect$$$$0000000B)
    __rt_final_cpp                           0x08000141   Thumb Code     0  entry10a.o(.ARM.Collect$$$$0000000D)
    __rt_final_exit                          0x08000141   Thumb Code     0  entry11a.o(.ARM.Collect$$$$0000000F)
    Reset_Handler                            0x08000145   Thumb Code     8  startup_stm32f10x_hd.o(.text)
    ADC1_2_IRQHandler                        0x0800015f   Thumb Code     0  startup_stm32f10x_hd.o(.text)
    ADC3_IRQHandler                          0x0800015f   Thumb Code     0  startup_stm32f10x_hd.o(.text)
    CAN1_RX1_IRQHandler                      0x0800015f   Thumb Code     0  startup_stm32f10x_hd.o(.text)
    CAN1_SCE_IRQHandler                      0x0800015f   Thumb Code     0  startup_stm32f10x_hd.o(.text)
    DMA1_Channel1_IRQHandler                 0x0800015f   Thumb Code     0  startup_stm32f10x_hd.o(.text)
    DMA1_Channel2_IRQHandler                 0x0800015f   Thumb Code     0  startup_stm32f10x_hd.o(.text)
    DMA1_Channel3_IRQHandler                 0x0800015f   Thumb Code     0  startup_stm32f10x_hd.o(.text)
    DMA1_Channel4_IRQHandler                 0x0800015f   Thumb Code     0  startup_stm32f10x_hd.o(.text)
    DMA1_Channel5_IRQHandler                 0x0800015f   Thumb Code     0  startup_stm32f10x_hd.o(.text)
    DMA1_Channel6_IRQHandler                 0x0800015f   Thumb Code     0  startup_stm32f10x_hd.o(.text)
    DMA1_Channel7_IRQHandler                 0x0800015f   Thumb Code     0  startup_stm32f10x_hd.o(.text)
    DMA2_Channel1_IRQHandler                 0x0800015f   Thumb Code     0  startup_stm32f10x_hd.o(.text)
    DMA2_Channel2_IRQHandler                 0x0800015f   Thumb Code     0  startup_stm32f10x_hd.o(.text)
    DMA2_Channel3_IRQHandler                 0x0800015f   Thumb Code     0  startup_stm32f10x_hd.o(.text)
    DMA2_Channel4_5_IRQHandler               0x0800015f   Thumb Code     0  startup_stm32f10x_hd.o(.text)
    EXTI0_IRQHandler                         0x0800015f   Thumb Code     0  startup_stm32f10x_hd.o(.text)
    EXTI15_10_IRQHandler                     0x0800015f   Thumb Code     0  startup_stm32f10x_hd.o(.text)
    EXTI1_IRQHandler                         0x0800015f   Thumb Code     0  startup_stm32f10x_hd.o(.text)
    EXTI2_IRQHandler                         0x0800015f   Thumb Code     0  startup_stm32f10x_hd.o(.text)
    EXTI3_IRQHandler                         0x0800015f   Thumb Code     0  startup_stm32f10x_hd.o(.text)
    EXTI4_IRQHandler                         0x0800015f   Thumb Code     0  startup_stm32f10x_hd.o(.text)
    FLASH_IRQHandler                         0x0800015f   Thumb Code     0  startup_stm32f10x_hd.o(.text)
    FSMC_IRQHandler                          0x0800015f   Thumb Code     0  startup_stm32f10x_hd.o(.text)
    I2C1_ER_IRQHandler                       0x0800015f   Thumb Code     0  startup_stm32f10x_hd.o(.text)
    I2C1_EV_IRQHandler                       0x0800015f   Thumb Code     0  startup_stm32f10x_hd.o(.text)
    I2C2_ER_IRQHandler                       0x0800015f   Thumb Code     0  startup_stm32f10x_hd.o(.text)
    I2C2_EV_IRQHandler                       0x0800015f   Thumb Code     0  startup_stm32f10x_hd.o(.text)
    PVD_IRQHandler                           0x0800015f   Thumb Code     0  startup_stm32f10x_hd.o(.text)
    RCC_IRQHandler                           0x0800015f   Thumb Code     0  startup_stm32f10x_hd.o(.text)
    RTCAlarm_IRQHandler                      0x0800015f   Thumb Code     0  startup_stm32f10x_hd.o(.text)
    RTC_IRQHandler                           0x0800015f   Thumb Code     0  startup_stm32f10x_hd.o(.text)
    SDIO_IRQHandler                          0x0800015f   Thumb Code     0  startup_stm32f10x_hd.o(.text)
    SPI1_IRQHandler                          0x0800015f   Thumb Code     0  startup_stm32f10x_hd.o(.text)
    SPI2_IRQHandler                          0x0800015f   Thumb Code     0  startup_stm32f10x_hd.o(.text)
    SPI3_IRQHandler                          0x0800015f   Thumb Code     0  startup_stm32f10x_hd.o(.text)
    TAMPER_IRQHandler                        0x0800015f   Thumb Code     0  startup_stm32f10x_hd.o(.text)
    TIM1_BRK_IRQHandler                      0x0800015f   Thumb Code     0  startup_stm32f10x_hd.o(.text)
    TIM1_CC_IRQHandler                       0x0800015f   Thumb Code     0  startup_stm32f10x_hd.o(.text)
    TIM1_TRG_COM_IRQHandler                  0x0800015f   Thumb Code     0  startup_stm32f10x_hd.o(.text)
    TIM1_UP_IRQHandler                       0x0800015f   Thumb Code     0  startup_stm32f10x_hd.o(.text)
    TIM2_IRQHandler                          0x0800015f   Thumb Code     0  startup_stm32f10x_hd.o(.text)
    TIM3_IRQHandler                          0x0800015f   Thumb Code     0  startup_stm32f10x_hd.o(.text)
    TIM4_IRQHandler                          0x0800015f   Thumb Code     0  startup_stm32f10x_hd.o(.text)
    TIM5_IRQHandler                          0x0800015f   Thumb Code     0  startup_stm32f10x_hd.o(.text)
    TIM6_IRQHandler                          0x0800015f   Thumb Code     0  startup_stm32f10x_hd.o(.text)
    TIM7_IRQHandler                          0x0800015f   Thumb Code     0  startup_stm32f10x_hd.o(.text)
    TIM8_BRK_IRQHandler                      0x0800015f   Thumb Code     0  startup_stm32f10x_hd.o(.text)
    TIM8_CC_IRQHandler                       0x0800015f   Thumb Code     0  startup_stm32f10x_hd.o(.text)
    TIM8_TRG_COM_IRQHandler                  0x0800015f   Thumb Code     0  startup_stm32f10x_hd.o(.text)
    TIM8_UP_IRQHandler                       0x0800015f   Thumb Code     0  startup_stm32f10x_hd.o(.text)
    UART4_IRQHandler                         0x0800015f   Thumb Code     0  startup_stm32f10x_hd.o(.text)
    UART5_IRQHandler                         0x0800015f   Thumb Code     0  startup_stm32f10x_hd.o(.text)
    USART2_IRQHandler                        0x0800015f   Thumb Code     0  startup_stm32f10x_hd.o(.text)
    USART3_IRQHandler                        0x0800015f   Thumb Code     0  startup_stm32f10x_hd.o(.text)
    USBWakeUp_IRQHandler                     0x0800015f   Thumb Code     0  startup_stm32f10x_hd.o(.text)
    USB_HP_CAN1_TX_IRQHandler                0x0800015f   Thumb Code     0  startup_stm32f10x_hd.o(.text)
    USB_LP_CAN1_RX0_IRQHandler               0x0800015f   Thumb Code     0  startup_stm32f10x_hd.o(.text)
    WWDG_IRQHandler                          0x0800015f   Thumb Code     0  startup_stm32f10x_hd.o(.text)
    __scatterload                            0x08000169   Thumb Code    28  init.o(.text)
    __scatterload_rt2                        0x08000169   Thumb Code     0  init.o(.text)
    BusFault_Handler                         0x0800018d   Thumb Code     4  stm32f1xx_it.o(i.BusFault_Handler)
    DebugMon_Handler                         0x08000191   Thumb Code     2  stm32f1xx_it.o(i.DebugMon_Handler)
    Delay_GetTick                            0x08000195   Thumb Code     6  delay.o(i.Delay_GetTick)
    Delay_ms                                 0x080001a1   Thumb Code    18  delay.o(i.Delay_ms)
    ENCODER_GetDelta                         0x080001b9   Thumb Code   108  encoder.o(i.ENCODER_GetDelta)
    ENCODER_GetTotal                         0x0800023d   Thumb Code    24  encoder.o(i.ENCODER_GetTotal)
    ENCODER_Init                             0x0800025d   Thumb Code    62  encoder.o(i.ENCODER_Init)
    EXTI9_5_IRQHandler                       0x080002a5   Thumb Code    56  encoder.o(i.EXTI9_5_IRQHandler)
    EXTI_ClearITPendingBit                   0x080002ed   Thumb Code     6  stm32f10x_exti.o(i.EXTI_ClearITPendingBit)
    EXTI_Init                                0x080002f9   Thumb Code   142  stm32f10x_exti.o(i.EXTI_Init)
    EXTI_StructInit                          0x0800038d   Thumb Code    16  stm32f10x_exti.o(i.EXTI_StructInit)
    GPIO_EXTILineConfig                      0x0800049d   Thumb Code    60  stm32f10x_gpio.o(i.GPIO_EXTILineConfig)
    GPIO_Init                                0x080004dd   Thumb Code   278  stm32f10x_gpio.o(i.GPIO_Init)
    GPIO_PinRemapConfig                      0x080005f5   Thumb Code   138  stm32f10x_gpio.o(i.GPIO_PinRemapConfig)
    GPIO_ReadInputDataBit                    0x08000685   Thumb Code    18  stm32f10x_gpio.o(i.GPIO_ReadInputDataBit)
    GPIO_StructInit                          0x08000697   Thumb Code    16  stm32f10x_gpio.o(i.GPIO_StructInit)
    HardFault_Handler                        0x080006a7   Thumb Code     4  stm32f1xx_it.o(i.HardFault_Handler)
    MOTOR_GetSpeed                           0x080006ad   Thumb Code    22  motor.o(i.MOTOR_GetSpeed)
    MOTOR_Init                               0x080006c9   Thumb Code    16  motor.o(i.MOTOR_Init)
    MOTOR_SetSpeed                           0x080006d9   Thumb Code    54  motor.o(i.MOTOR_SetSpeed)
    MOTOR_SetSpeeds                          0x08000715   Thumb Code    24  motor.o(i.MOTOR_SetSpeeds)
    MemManage_Handler                        0x080007f5   Thumb Code     4  stm32f1xx_it.o(i.MemManage_Handler)
    NMI_Handler                              0x08000885   Thumb Code     2  stm32f1xx_it.o(i.NMI_Handler)
    NVIC_Init                                0x08000895   Thumb Code   100  misc.o(i.NVIC_Init)
    NVIC_PriorityGroupConfig                 0x08000905   Thumb Code    10  misc.o(i.NVIC_PriorityGroupConfig)
    PendSV_Handler                           0x08000919   Thumb Code     2  stm32f1xx_it.o(i.PendSV_Handler)
    RCC_APB1PeriphClockCmd                   0x0800091d   Thumb Code    26  stm32f10x_rcc.o(i.RCC_APB1PeriphClockCmd)
    RCC_APB2PeriphClockCmd                   0x0800093d   Thumb Code    26  stm32f10x_rcc.o(i.RCC_APB2PeriphClockCmd)
    RCC_GetClocksFreq                        0x0800095d   Thumb Code   192  stm32f10x_rcc.o(i.RCC_GetClocksFreq)
    SERVO_GetAngle                           0x08000a31   Thumb Code     6  servo.o(i.SERVO_GetAngle)
    SERVO_GetPulse                           0x08000a3d   Thumb Code     6  servo.o(i.SERVO_GetPulse)
    SERVO_Init                               0x08000a49   Thumb Code   148  servo.o(i.SERVO_Init)
    SERVO_SetAngle                           0x08000ae5   Thumb Code    44  servo.o(i.SERVO_SetAngle)
    SVC_Handler                              0x08000b1d   Thumb Code     2  stm32f1xx_it.o(i.SVC_Handler)
    SysTick_Handler                          0x08000c31   Thumb Code    12  delay.o(i.SysTick_Handler)
    SysTick_Init                             0x08000c41   Thumb Code    76  delay.o(i.SysTick_Init)
    SystemInit                               0x08000c91   Thumb Code    78  system_stm32f10x.o(i.SystemInit)
    TIM_ARRPreloadConfig                     0x08000f7d   Thumb Code    24  stm32f10x_tim.o(i.TIM_ARRPreloadConfig)
    TIM_Cmd                                  0x08000f95   Thumb Code    24  stm32f10x_tim.o(i.TIM_Cmd)
    TIM_EncoderInterfaceConfig               0x08000fad   Thumb Code    66  stm32f10x_tim.o(i.TIM_EncoderInterfaceConfig)
    TIM_GetCounter                           0x08000fef   Thumb Code     6  stm32f10x_tim.o(i.TIM_GetCounter)
    TIM_ICInit                               0x08000ff5   Thumb Code   150  stm32f10x_tim.o(i.TIM_ICInit)
    TIM_ICStructInit                         0x080010a1   Thumb Code    18  stm32f10x_tim.o(i.TIM_ICStructInit)
    TIM_OC1Init                              0x080010b5   Thumb Code   132  stm32f10x_tim.o(i.TIM_OC1Init)
    TIM_OC2Init                              0x0800114d   Thumb Code   154  stm32f10x_tim.o(i.TIM_OC2Init)
    TIM_OC3Init                              0x080011f1   Thumb Code   150  stm32f10x_tim.o(i.TIM_OC3Init)
    TIM_OC4Init                              0x08001291   Thumb Code   114  stm32f10x_tim.o(i.TIM_OC4Init)
    TIM_OCStructInit                         0x0800130d   Thumb Code    20  stm32f10x_tim.o(i.TIM_OCStructInit)
    TIM_SetCompare1                          0x08001321   Thumb Code     4  stm32f10x_tim.o(i.TIM_SetCompare1)
    TIM_SetCompare2                          0x08001325   Thumb Code     4  stm32f10x_tim.o(i.TIM_SetCompare2)
    TIM_SetCompare3                          0x08001329   Thumb Code     4  stm32f10x_tim.o(i.TIM_SetCompare3)
    TIM_SetCompare4                          0x0800132d   Thumb Code     6  stm32f10x_tim.o(i.TIM_SetCompare4)
    TIM_SetCounter                           0x08001333   Thumb Code     4  stm32f10x_tim.o(i.TIM_SetCounter)
    TIM_SetIC1Prescaler                      0x08001337   Thumb Code    18  stm32f10x_tim.o(i.TIM_SetIC1Prescaler)
    TIM_SetIC2Prescaler                      0x08001349   Thumb Code    26  stm32f10x_tim.o(i.TIM_SetIC2Prescaler)
    TIM_SetIC3Prescaler                      0x08001363   Thumb Code    18  stm32f10x_tim.o(i.TIM_SetIC3Prescaler)
    TIM_SetIC4Prescaler                      0x08001375   Thumb Code    26  stm32f10x_tim.o(i.TIM_SetIC4Prescaler)
    TIM_TimeBaseInit                         0x08001391   Thumb Code   122  stm32f10x_tim.o(i.TIM_TimeBaseInit)
    TIM_TimeBaseStructInit                   0x08001435   Thumb Code    18  stm32f10x_tim.o(i.TIM_TimeBaseStructInit)
    TRACK_FilterSample                       0x08001449   Thumb Code   128  track.o(i.TRACK_FilterSample)
    TRACK_GetCorrection                      0x080014d5   Thumb Code    68  track.o(i.TRACK_GetCorrection)
    TRACK_GetErrorFromRaw                    0x08001519   Thumb Code    54  track.o(i.TRACK_GetErrorFromRaw)
    TRACK_Init                               0x08001555   Thumb Code    40  track.o(i.TRACK_Init)
    TRACK_Read                               0x08001581   Thumb Code    80  track.o(i.TRACK_Read)
    TRACK_SelectLikelyLine                   0x080015d5   Thumb Code   174  track.o(i.TRACK_SelectLikelyLine)
    UART_Init                                0x08001bd5   Thumb Code   156  uart.o(i.UART_Init)
    UART_SendChar                            0x08001c79   Thumb Code    48  uart.o(i.UART_SendChar)
    UART_SendInt32                           0x08001cb9   Thumb Code    82  uart.o(i.UART_SendInt32)
    UART_SendString                          0x08001d0b   Thumb Code    22  uart.o(i.UART_SendString)
    USART1_IRQHandler                        0x08001d21   Thumb Code    68  uart.o(i.USART1_IRQHandler)
    USART_Cmd                                0x08001d75   Thumb Code    24  stm32f10x_usart.o(i.USART_Cmd)
    USART_GetITStatus                        0x08001d8d   Thumb Code    84  stm32f10x_usart.o(i.USART_GetITStatus)
    USART_ITConfig                           0x08001de1   Thumb Code    74  stm32f10x_usart.o(i.USART_ITConfig)
    USART_Init                               0x08001e2d   Thumb Code   210  stm32f10x_usart.o(i.USART_Init)
    USART_SendData                           0x08001f05   Thumb Code     8  stm32f10x_usart.o(i.USART_SendData)
    USART_StructInit                         0x08001f0d   Thumb Code    24  stm32f10x_usart.o(i.USART_StructInit)
    UsageFault_Handler                       0x08001f25   Thumb Code     4  stm32f1xx_it.o(i.UsageFault_Handler)
    __scatterload_copy                       0x08001f51   Thumb Code    14  handlers.o(i.__scatterload_copy)
    __scatterload_null                       0x08001f5f   Thumb Code     2  handlers.o(i.__scatterload_null)
    __scatterload_zeroinit                   0x08001f61   Thumb Code    14  handlers.o(i.__scatterload_zeroinit)
    main                                     0x08001f71   Thumb Code    50  main.o(i.main)
    Region$$Table$$Base                      0x08001fd4   Number         0  anon$$obj.o(Region$$Table)
    Region$$Table$$Limit                     0x08001ff4   Number         0  anon$$obj.o(Region$$Table)
    SystemCoreClock                          0x20000048   Data           4  system_stm32f10x.o(.data)
    AHBPrescTable                            0x2000004c   Data          16  system_stm32f10x.o(.data)
    __initial_sp                             0x20000560   Data           0  startup_stm32f10x_hd.o(STACK)



==============================================================================

Memory Map of the image

  Image Entry point : 0x08000131

  Load Region LR_IROM1 (Base: 0x08000000, Size: 0x00002050, Max: 0x00040000, ABSOLUTE)

    Execution Region ER_IROM1 (Exec base: 0x08000000, Load base: 0x08000000, Size: 0x00001ff4, Max: 0x00040000, ABSOLUTE)

    Exec Addr    Load Addr    Size         Type   Attr      Idx    E Section Name        Object

    0x08000000   0x08000000   0x00000130   Data   RO         2037    RESET               startup_stm32f10x_hd.o
    0x08000130   0x08000130   0x00000000   Code   RO         2088  * .ARM.Collect$$$$00000000  mc_w.l(entry.o)
    0x08000130   0x08000130   0x00000004   Code   RO         2091    .ARM.Collect$$$$00000001  mc_w.l(entry2.o)
    0x08000134   0x08000134   0x00000004   Code   RO         2094    .ARM.Collect$$$$00000004  mc_w.l(entry5.o)
    0x08000138   0x08000138   0x00000000   Code   RO         2096    .ARM.Collect$$$$00000008  mc_w.l(entry7b.o)
    0x08000138   0x08000138   0x00000000   Code   RO         2098    .ARM.Collect$$$$0000000A  mc_w.l(entry8b.o)
    0x08000138   0x08000138   0x00000008   Code   RO         2099    .ARM.Collect$$$$0000000B  mc_w.l(entry9a.o)
    0x08000140   0x08000140   0x00000000   Code   RO         2101    .ARM.Collect$$$$0000000D  mc_w.l(entry10a.o)
    0x08000140   0x08000140   0x00000000   Code   RO         2103    .ARM.Collect$$$$0000000F  mc_w.l(entry11a.o)
    0x08000140   0x08000140   0x00000004   Code   RO         2092    .ARM.Collect$$$$00002712  mc_w.l(entry2.o)
    0x08000144   0x08000144   0x00000024   Code   RO         2038    .text               startup_stm32f10x_hd.o
    0x08000168   0x08000168   0x00000024   Code   RO         2105    .text               mc_w.l(init.o)
    0x0800018c   0x0800018c   0x00000004   Code   RO          114    i.BusFault_Handler  stm32f1xx_it.o
    0x08000190   0x08000190   0x00000002   Code   RO          115    i.DebugMon_Handler  stm32f1xx_it.o
    0x08000192   0x08000192   0x00000002   PAD
    0x08000194   0x08000194   0x0000000c   Code   RO          183    i.Delay_GetTick     delay.o
    0x080001a0   0x080001a0   0x00000018   Code   RO          184    i.Delay_ms          delay.o
    0x080001b8   0x080001b8   0x00000084   Code   RO          486    i.ENCODER_GetDelta  encoder.o
    0x0800023c   0x0800023c   0x00000020   Code   RO          487    i.ENCODER_GetTotal  encoder.o
    0x0800025c   0x0800025c   0x00000048   Code   RO          488    i.ENCODER_Init      encoder.o
    0x080002a4   0x080002a4   0x00000048   Code   RO          490    i.EXTI9_5_IRQHandler  encoder.o
    0x080002ec   0x080002ec   0x0000000c   Code   RO          835    i.EXTI_ClearITPendingBit  stm32f10x_exti.o
    0x080002f8   0x080002f8   0x00000094   Code   RO          840    i.EXTI_Init         stm32f10x_exti.o
    0x0800038c   0x0800038c   0x00000010   Code   RO          841    i.EXTI_StructInit   stm32f10x_exti.o
    0x0800039c   0x0800039c   0x00000054   Code   RO          491    i.Encoder_LeftEXTI_Init  encoder.o
    0x080003f0   0x080003f0   0x00000028   Code   RO          492    i.Encoder_ReadLeftState  encoder.o
    0x08000418   0x08000418   0x00000084   Code   RO          493    i.Encoder_RightTIM2_Init  encoder.o
    0x0800049c   0x0800049c   0x00000040   Code   RO          903    i.GPIO_EXTILineConfig  stm32f10x_gpio.o
    0x080004dc   0x080004dc   0x00000116   Code   RO          906    i.GPIO_Init         stm32f10x_gpio.o
    0x080005f2   0x080005f2   0x00000002   PAD
    0x080005f4   0x080005f4   0x00000090   Code   RO          908    i.GPIO_PinRemapConfig  stm32f10x_gpio.o
    0x08000684   0x08000684   0x00000012   Code   RO          910    i.GPIO_ReadInputDataBit  stm32f10x_gpio.o
    0x08000696   0x08000696   0x00000010   Code   RO          915    i.GPIO_StructInit   stm32f10x_gpio.o
    0x080006a6   0x080006a6   0x00000004   Code   RO          116    i.HardFault_Handler  stm32f1xx_it.o
    0x080006aa   0x080006aa   0x00000002   PAD
    0x080006ac   0x080006ac   0x0000001c   Code   RO          350    i.MOTOR_GetSpeed    motor.o
    0x080006c8   0x080006c8   0x00000010   Code   RO          351    i.MOTOR_Init        motor.o
    0x080006d8   0x080006d8   0x0000003c   Code   RO          352    i.MOTOR_SetSpeed    motor.o
    0x08000714   0x08000714   0x00000018   Code   RO          353    i.MOTOR_SetSpeeds   motor.o
    0x0800072c   0x0800072c   0x0000003c   Code   RO          355    i.MX_GPIO_Init      motor.o
    0x08000768   0x08000768   0x0000008c   Code   RO          356    i.MX_TIM4_Init      motor.o
    0x080007f4   0x080007f4   0x00000004   Code   RO          117    i.MemManage_Handler  stm32f1xx_it.o
    0x080007f8   0x080007f8   0x00000030   Code   RO          357    i.Motor_LoadConfig  motor.o
    0x08000828   0x08000828   0x0000005c   Code   RO          358    i.Motor_SetDirection  motor.o
    0x08000884   0x08000884   0x00000002   Code   RO          118    i.NMI_Handler       stm32f1xx_it.o
    0x08000886   0x08000886   0x0000000c   Code   RO            4    i.NVIC_Configuration  main.o
    0x08000892   0x08000892   0x00000002   PAD
    0x08000894   0x08000894   0x00000070   Code   RO          552    i.NVIC_Init         misc.o
    0x08000904   0x08000904   0x00000014   Code   RO          553    i.NVIC_PriorityGroupConfig  misc.o
    0x08000918   0x08000918   0x00000002   Code   RO          119    i.PendSV_Handler    stm32f1xx_it.o
    0x0800091a   0x0800091a   0x00000002   PAD
    0x0800091c   0x0800091c   0x00000020   Code   RO         1028    i.RCC_APB1PeriphClockCmd  stm32f10x_rcc.o
    0x0800093c   0x0800093c   0x00000020   Code   RO         1030    i.RCC_APB2PeriphClockCmd  stm32f10x_rcc.o
    0x0800095c   0x0800095c   0x000000d4   Code   RO         1038    i.RCC_GetClocksFreq  stm32f10x_rcc.o
    0x08000a30   0x08000a30   0x0000000c   Code   RO          236    i.SERVO_GetAngle    servo.o
    0x08000a3c   0x08000a3c   0x0000000c   Code   RO          237    i.SERVO_GetPulse    servo.o
    0x08000a48   0x08000a48   0x0000009c   Code   RO          238    i.SERVO_Init        servo.o
    0x08000ae4   0x08000ae4   0x00000038   Code   RO          239    i.SERVO_SetAngle    servo.o
    0x08000b1c   0x08000b1c   0x00000002   Code   RO          120    i.SVC_Handler       stm32f1xx_it.o
    0x08000b1e   0x08000b1e   0x00000008   Code   RO         2045    i.SetSysClock       system_stm32f10x.o
    0x08000b26   0x08000b26   0x00000002   PAD
    0x08000b28   0x08000b28   0x000000e0   Code   RO         2046    i.SetSysClockTo72   system_stm32f10x.o
    0x08000c08   0x08000c08   0x00000026   Code   RO          359    i.SpeedToPulse      motor.o
    0x08000c2e   0x08000c2e   0x00000002   PAD
    0x08000c30   0x08000c30   0x00000010   Code   RO          185    i.SysTick_Handler   delay.o
    0x08000c40   0x08000c40   0x00000050   Code   RO          186    i.SysTick_Init      delay.o
    0x08000c90   0x08000c90   0x00000060   Code   RO         2048    i.SystemInit        system_stm32f10x.o
    0x08000cf0   0x08000cf0   0x00000080   Code   RO         1238    i.TI1_Config        stm32f10x_tim.o
    0x08000d70   0x08000d70   0x00000098   Code   RO         1239    i.TI2_Config        stm32f10x_tim.o
    0x08000e08   0x08000e08   0x00000090   Code   RO         1240    i.TI3_Config        stm32f10x_tim.o
    0x08000e98   0x08000e98   0x00000098   Code   RO         1241    i.TI4_Config        stm32f10x_tim.o
    0x08000f30   0x08000f30   0x0000004c   Code   RO          360    i.TIM4_SetCompare   motor.o
    0x08000f7c   0x08000f7c   0x00000018   Code   RO         1242    i.TIM_ARRPreloadConfig  stm32f10x_tim.o
    0x08000f94   0x08000f94   0x00000018   Code   RO         1254    i.TIM_Cmd           stm32f10x_tim.o
    0x08000fac   0x08000fac   0x00000042   Code   RO         1263    i.TIM_EncoderInterfaceConfig  stm32f10x_tim.o
    0x08000fee   0x08000fee   0x00000006   Code   RO         1273    i.TIM_GetCounter    stm32f10x_tim.o
    0x08000ff4   0x08000ff4   0x000000ac   Code   RO         1277    i.TIM_ICInit        stm32f10x_tim.o
    0x080010a0   0x080010a0   0x00000012   Code   RO         1278    i.TIM_ICStructInit  stm32f10x_tim.o
    0x080010b2   0x080010b2   0x00000002   PAD
    0x080010b4   0x080010b4   0x00000098   Code   RO         1283    i.TIM_OC1Init       stm32f10x_tim.o
    0x0800114c   0x0800114c   0x000000a4   Code   RO         1288    i.TIM_OC2Init       stm32f10x_tim.o
    0x080011f0   0x080011f0   0x000000a0   Code   RO         1293    i.TIM_OC3Init       stm32f10x_tim.o
    0x08001290   0x08001290   0x0000007c   Code   RO         1298    i.TIM_OC4Init       stm32f10x_tim.o
    0x0800130c   0x0800130c   0x00000014   Code   RO         1301    i.TIM_OCStructInit  stm32f10x_tim.o
    0x08001320   0x08001320   0x00000004   Code   RO         1315    i.TIM_SetCompare1   stm32f10x_tim.o
    0x08001324   0x08001324   0x00000004   Code   RO         1316    i.TIM_SetCompare2   stm32f10x_tim.o
    0x08001328   0x08001328   0x00000004   Code   RO         1317    i.TIM_SetCompare3   stm32f10x_tim.o
    0x0800132c   0x0800132c   0x00000006   Code   RO         1318    i.TIM_SetCompare4   stm32f10x_tim.o
    0x08001332   0x08001332   0x00000004   Code   RO         1319    i.TIM_SetCounter    stm32f10x_tim.o
    0x08001336   0x08001336   0x00000012   Code   RO         1320    i.TIM_SetIC1Prescaler  stm32f10x_tim.o
    0x08001348   0x08001348   0x0000001a   Code   RO         1321    i.TIM_SetIC2Prescaler  stm32f10x_tim.o
    0x08001362   0x08001362   0x00000012   Code   RO         1322    i.TIM_SetIC3Prescaler  stm32f10x_tim.o
    0x08001374   0x08001374   0x0000001a   Code   RO         1323    i.TIM_SetIC4Prescaler  stm32f10x_tim.o
    0x0800138e   0x0800138e   0x00000002   PAD
    0x08001390   0x08001390   0x000000a4   Code   RO         1325    i.TIM_TimeBaseInit  stm32f10x_tim.o
    0x08001434   0x08001434   0x00000012   Code   RO         1326    i.TIM_TimeBaseStructInit  stm32f10x_tim.o
    0x08001446   0x08001446   0x00000002   PAD
    0x08001448   0x08001448   0x0000008c   Code   RO          286    i.TRACK_FilterSample  track.o
    0x080014d4   0x080014d4   0x00000044   Code   RO          287    i.TRACK_GetCorrection  track.o
    0x08001518   0x08001518   0x0000003c   Code   RO          289    i.TRACK_GetErrorFromRaw  track.o
    0x08001554   0x08001554   0x0000002c   Code   RO          290    i.TRACK_Init        track.o
    0x08001580   0x08001580   0x00000054   Code   RO          291    i.TRACK_Read        track.o
    0x080015d4   0x080015d4   0x000000ae   Code   RO          292    i.TRACK_SelectLikelyLine  track.o
    0x08001682   0x08001682   0x00000002   PAD
    0x08001684   0x08001684   0x00000150   Code   RO            5    i.Telemetry_Send    main.o
    0x080017d4   0x080017d4   0x00000400   Code   RO            6    i.Track_Run         main.o
    0x08001bd4   0x08001bd4   0x000000a4   Code   RO          435    i.UART_Init         uart.o
    0x08001c78   0x08001c78   0x00000040   Code   RO          436    i.UART_SendChar     uart.o
    0x08001cb8   0x08001cb8   0x00000052   Code   RO          437    i.UART_SendInt32    uart.o
    0x08001d0a   0x08001d0a   0x00000016   Code   RO          438    i.UART_SendString   uart.o
    0x08001d20   0x08001d20   0x00000054   Code   RO          439    i.USART1_IRQHandler  uart.o
    0x08001d74   0x08001d74   0x00000018   Code   RO         1802    i.USART_Cmd         stm32f10x_usart.o
    0x08001d8c   0x08001d8c   0x00000054   Code   RO         1806    i.USART_GetITStatus  stm32f10x_usart.o
    0x08001de0   0x08001de0   0x0000004a   Code   RO         1808    i.USART_ITConfig    stm32f10x_usart.o
    0x08001e2a   0x08001e2a   0x00000002   PAD
    0x08001e2c   0x08001e2c   0x000000d8   Code   RO         1809    i.USART_Init        stm32f10x_usart.o
    0x08001f04   0x08001f04   0x00000008   Code   RO         1819    i.USART_SendData    stm32f10x_usart.o
    0x08001f0c   0x08001f0c   0x00000018   Code   RO         1825    i.USART_StructInit  stm32f10x_usart.o
    0x08001f24   0x08001f24   0x00000004   Code   RO          121    i.UsageFault_Handler  stm32f1xx_it.o
    0x08001f28   0x08001f28   0x00000028   Code   RO          187    i.__NVIC_SetPriority  delay.o
    0x08001f50   0x08001f50   0x0000000e   Code   RO         2109    i.__scatterload_copy  mc_w.l(handlers.o)
    0x08001f5e   0x08001f5e   0x00000002   Code   RO         2110    i.__scatterload_null  mc_w.l(handlers.o)
    0x08001f60   0x08001f60   0x0000000e   Code   RO         2111    i.__scatterload_zeroinit  mc_w.l(handlers.o)
    0x08001f6e   0x08001f6e   0x00000002   PAD
    0x08001f70   0x08001f70   0x0000004c   Code   RO            7    i.main              main.o
    0x08001fbc   0x08001fbc   0x00000005   Data   RO          293    .constdata          track.o
    0x08001fc1   0x08001fc1   0x00000010   Data   RO          494    .constdata          encoder.o
    0x08001fd1   0x08001fd1   0x00000003   PAD
    0x08001fd4   0x08001fd4   0x00000020   Data   RO         2107    Region$$Table       anon$$obj.o


    Execution Region RW_IRAM1 (Exec base: 0x20000000, Load base: 0x08001ff4, Size: 0x00000560, Max: 0x0000c000, ABSOLUTE)

    Exec Addr    Load Addr    Size         Type   Attr      Idx    E Section Name        Object

    0x20000000   0x08001ff4   0x00000004   Data   RW          188    .data               delay.o
    0x20000004   0x08001ff8   0x00000004   Data   RW          241    .data               servo.o
    0x20000008   0x08001ffc   0x00000005   Data   RW          294    .data               track.o
    0x2000000d   0x08002001   0x00000001   PAD
    0x2000000e   0x08002002   0x00000008   Data   RW          361    .data               motor.o
    0x20000016   0x0800200a   0x00000004   Data   RW          441    .data               uart.o
    0x2000001a   0x0800200e   0x00000002   PAD
    0x2000001c   0x08002010   0x00000018   Data   RW          495    .data               encoder.o
    0x20000034   0x08002028   0x00000014   Data   RW         1058    .data               stm32f10x_rcc.o
    0x20000048   0x0800203c   0x00000014   Data   RW         2049    .data               system_stm32f10x.o
    0x2000005c        -       0x00000100   Zero   RW          440    .bss                uart.o
    0x2000015c   0x08002050   0x00000004   PAD
    0x20000160        -       0x00000400   Zero   RW         2035    STACK               startup_stm32f10x_hd.o


==============================================================================

Image component sizes


      Code (inc. data)   RO Data    RW Data    ZI Data      Debug   Object Name

       172         28          0          4          0      27835   delay.o
       564         62         16         24          0       4186   encoder.o
      1448        128          0          0          0     260807   main.o
       132         22          0          0          0       1811   misc.o
       582         38          0          8          0       5121   motor.o
       236         32          0          4          0       1924   servo.o
        36          8        304          0       1024        776   startup_stm32f10x_hd.o
       176         12          0          0          0       2327   stm32f10x_exti.o
       520         10          0          0          0       4938   stm32f10x_gpio.o
       276         32          0         20          0       4730   stm32f10x_rcc.o
      1798        200          0          0          0      17827   stm32f10x_tim.o
       430          6          0          0          0       5930   stm32f10x_usart.o
        24          0          0          0          0       2924   stm32f1xx_it.o
       328         28          0         20          0       2245   system_stm32f10x.o
       570         26          5          5          0       4514   track.o
       416         40          0          4        256       2943   uart.o

    ----------------------------------------------------------------------
      7732        672        360         92       1284     350838   Object Totals
         0          0         32          0          0          0   (incl. Generated)
        24          0          3          3          4          0   (incl. Padding)

    ----------------------------------------------------------------------

      Code (inc. data)   RO Data    RW Data    ZI Data      Debug   Library Member Name

         0          0          0          0          0          0   entry.o
         0          0          0          0          0          0   entry10a.o
         0          0          0          0          0          0   entry11a.o
         8          4          0          0          0          0   entry2.o
         4          0          0          0          0          0   entry5.o
         0          0          0          0          0          0   entry7b.o
         0          0          0          0          0          0   entry8b.o
         8          4          0          0          0          0   entry9a.o
        30          0          0          0          0          0   handlers.o
        36          8          0          0          0         68   init.o

    ----------------------------------------------------------------------
        88         16          0          0          0         68   Library Totals
         2          0          0          0          0          0   (incl. Padding)

    ----------------------------------------------------------------------

      Code (inc. data)   RO Data    RW Data    ZI Data      Debug   Library Name

        86         16          0          0          0         68   mc_w.l

    ----------------------------------------------------------------------
        88         16          0          0          0         68   Library Totals

    ----------------------------------------------------------------------

==============================================================================


      Code (inc. data)   RO Data    RW Data    ZI Data      Debug   

      7820        688        360         92       1284     346274   Grand Totals
      7820        688        360         92       1284     346274   ELF Image Totals
      7820        688        360         92          0          0   ROM Totals

==============================================================================

    Total RO  Size (Code + RO Data)                 8180 (   7.99kB)
    Total RW  Size (RW Data + ZI Data)              1376 (   1.34kB)
    Total ROM Size (Code + RO Data + RW Data)       8272 (   8.08kB)

==============================================================================

